<html>
<body>
<pre>
<h1>µVision Build Log</h1>
<h2>Tool Versions:</h2>
IDE-Version: µVision V5.31.0.0
Copyright (C) 2020 ARM Ltd and ARM Germany GmbH. All rights reserved.
License Information: NGUYEN TUNINH, UET-VNU, LIC=----
 
Tool Versions:
Toolchain:       MDK-Lite  Version: 5.31.0.0
Toolchain Path:  C:\Keil_v5\ARM\ARMCC\Bin
C Compiler:      Armcc.exe V5.06 update 6 (build 750)
Assembler:       Armasm.exe V5.06 update 6 (build 750)
Linker/Locator:  ArmLink.exe V5.06 update 6 (build 750)
Library Manager: ArmAr.exe V5.06 update 6 (build 750)
Hex Converter:   FromElf.exe V5.06 update 6 (build 750)
CPU DLL:         SARMCM3.DLL V5.31.0.0
Dialog DLL:      DCM.DLL V1.17.3.0
Target DLL:      STLink\ST-LINKIII-KEIL_SWO.dll V3.0.6.0
Dialog DLL:      TCM.DLL V1.46.0.0
 
<h2>Project:</h2>
C:\Users\Admin\Desktop\Study\01_Embedd Project\[02] RF24 control deveice in smart home\[01] Code STM32\MDK-ARM\RF_Control_Deviece.uvprojx
Project File Date:  11/13/2020

<h2>Output:</h2>
*** Using Compiler 'V5.06 update 6 (build 750)', folder: 'C:\Keil_v5\ARM\ARMCC\Bin'
Build target 'RF_Control_Deviece'
compiling main.c...
../Core/Src/main.c(63): warning:  #188-D: enumerated type mixed with another type
  	HAL_GPIO_WritePin(LED_GPIO_Port, LED_Pin, low);
../Core/Src/main.c(86): warning:  #188-D: enumerated type mixed with another type
  						HAL_GPIO_WritePin(LED_GPIO_Port, LED_Pin, high);							
../Core/Src/main.c(109): warning:  #188-D: enumerated type mixed with another type
  						HAL_GPIO_WritePin(LED_GPIO_Port, LED_Pin, low);
../Core/Src/main.c(132): warning:  #188-D: enumerated type mixed with another type
  						HAL_GPIO_WritePin(LED_GPIO_Port, LED_Pin, high);							
../Core/Src/main.c(155): warning:  #188-D: enumerated type mixed with another type
  						HAL_GPIO_WritePin(LED_GPIO_Port, LED_Pin, low);
../Core/Src/main.c(178): warning:  #188-D: enumerated type mixed with another type
  						HAL_GPIO_WritePin(LED_GPIO_Port, LED_Pin, high);							
../Core/Src/main.c(201): warning:  #188-D: enumerated type mixed with another type
  						HAL_GPIO_WritePin(LED_GPIO_Port, LED_Pin, low);
../Core/Src/main.c: 7 warnings, 0 errors
linking...
Program Size: Code=15556 RO-data=544 RW-data=152 ZI-data=1360  
FromELF: creating hex file...
"RF_Control_Deviece\RF_Control_Deviece.axf" - 0 Error(s), 7 Warning(s).

<h2>Software Packages used:</h2>

Package Vendor: ARM
                http://www.keil.com/pack/ARM.CMSIS.5.7.0.pack
                ARM.CMSIS.5.7.0
                CMSIS (Cortex Microcontroller Software Interface Standard)
   * Component: CORE Version: 5.4.0

Package Vendor: Keil
                http://www.keil.com/pack/Keil.STM32F1xx_DFP.2.3.0.pack
                Keil.STM32F1xx_DFP.2.3.0
                STMicroelectronics STM32F1 Series Device Support, Drivers and Examples
   * Component: Startup Version: 1.0.0

<h2>Collection of Component include folders:</h2>
  .\RTE\Device\STM32F103C8
  .\RTE\_RF_Control_Deviece
  C:\Users\Admin\AppData\Local\Arm\Packs\ARM\CMSIS\5.7.0\CMSIS\Core\Include
  C:\Users\Admin\AppData\Local\Arm\Packs\Keil\STM32F1xx_DFP\2.3.0\Device\Include

<h2>Collection of Component Files used:</h2>

   * Component: ARM::CMSIS:CORE:5.4.0

   * Component: Keil::Device:Startup:1.0.0
      Source file:   Device\Source\system_stm32f10x.c
      Source file:   Device\Source\ARM\STM32F1xx_OPT.s
      Source file:   Device\Source\ARM\startup_stm32f10x_md.s
      Include file:  RTE_Driver\Config\RTE_Device.h
Build Time Elapsed:  00:00:02
</pre>
</body>
</html>
