Component: ARM Compiler 5.06 update 6 (build 750) Tool: armlink [4d35ed]

==============================================================================

Section Cross References

    main.o(i.MX_GPIO_Init) refers to stm32f1xx_hal_gpio.o(i.HAL_GPIO_WritePin) for HAL_GPIO_WritePin
    main.o(i.MX_GPIO_Init) refers to stm32f1xx_hal_gpio.o(i.HAL_GPIO_Init) for HAL_GPIO_Init
    main.o(i.MX_SPI1_Init) refers to stm32f1xx_hal_spi.o(i.HAL_SPI_Init) for HAL_SPI_Init
    main.o(i.MX_SPI1_Init) refers to main.o(.bss) for .bss
    main.o(i.Setup) refers to memcpya.o(.text) for __aeabi_memcpy4
    main.o(i.Setup) refers to nrf24.o(i.NRF24_begin) for NRF24_begin
    main.o(i.Setup) refers to nrf24.o(i.NRF24_setAutoAck) for NRF24_setAutoAck
    main.o(i.Setup) refers to nrf24.o(i.NRF24_setChannel) for NRF24_setChannel
    main.o(i.Setup) refers to nrf24.o(i.NRF24_setPayloadSize) for NRF24_setPayloadSize
    main.o(i.Setup) refers to nrf24.o(i.NRF24_setPALevel) for NRF24_setPALevel
    main.o(i.Setup) refers to main.o(.bss) for .bss
    main.o(i.Setup_NRF24_Address) refers to nrf24.o(i.NRF24_openReadingPipe) for NRF24_openReadingPipe
    main.o(i.Setup_NRF24_Address) refers to nrf24.o(i.NRF24_openWritingPipe) for NRF24_openWritingPipe
    main.o(i.SystemClock_Config) refers to memseta.o(.text) for __aeabi_memclr4
    main.o(i.SystemClock_Config) refers to stm32f1xx_hal_rcc.o(i.HAL_RCC_OscConfig) for HAL_RCC_OscConfig
    main.o(i.SystemClock_Config) refers to stm32f1xx_hal_rcc.o(i.HAL_RCC_ClockConfig) for HAL_RCC_ClockConfig
    main.o(i.main) refers to stm32f1xx_hal.o(i.HAL_Init) for HAL_Init
    main.o(i.main) refers to main.o(i.SystemClock_Config) for SystemClock_Config
    main.o(i.main) refers to main.o(i.MX_GPIO_Init) for MX_GPIO_Init
    main.o(i.main) refers to main.o(i.MX_SPI1_Init) for MX_SPI1_Init
    main.o(i.main) refers to stm32f1xx_hal_uart.o(i.HAL_UART_Init) for HAL_UART_Init
    main.o(i.main) refers to lcd16x2.o(i.lcd16x2_init_4bits) for lcd16x2_init_4bits
    main.o(i.main) refers to lcd16x2.o(i.lcd16x2_clear) for lcd16x2_clear
    main.o(i.main) refers to lcd16x2.o(i.lcd16x2_setCursor) for lcd16x2_setCursor
    main.o(i.main) refers to lcd16x2.o(i.lcd16x2_printf) for lcd16x2_printf
    main.o(i.main) refers to lcd16x2.o(i.lcd16x2_cursorShow) for lcd16x2_cursorShow
    main.o(i.main) refers to main.o(i.Setup) for Setup
    main.o(i.main) refers to main.o(i.Setup_NRF24_Address) for Setup_NRF24_Address
    main.o(i.main) refers to stm32f1xx_hal_gpio.o(i.HAL_GPIO_WritePin) for HAL_GPIO_WritePin
    main.o(i.main) refers to stm32f1xx_hal_uart.o(i.HAL_UART_Receive) for HAL_UART_Receive
    main.o(i.main) refers to nrf24.o(i.NRF24_openWritingPipe) for NRF24_openWritingPipe
    main.o(i.main) refers to stm32f1xx_hal.o(i.HAL_Delay) for HAL_Delay
    main.o(i.main) refers to nrf24.o(i.NRF24_stopListening) for NRF24_stopListening
    main.o(i.main) refers to nrf24.o(i.NRF24_write) for NRF24_write
    main.o(i.main) refers to nrf24.o(i.NRF24_startListening) for NRF24_startListening
    main.o(i.main) refers to nrf24.o(i.NRF24_openReadingPipe) for NRF24_openReadingPipe
    main.o(i.main) refers to nrf24.o(i.NRF24_available) for NRF24_available
    main.o(i.main) refers to nrf24.o(i.NRF24_read) for NRF24_read
    main.o(i.main) refers to main.o(.bss) for .bss
    main.o(i.main) refers to main.o(.data) for .data
    main.o(.data) refers to main.o(.conststring) for .conststring
    stm32f1xx_it.o(i.SysTick_Handler) refers to stm32f1xx_hal.o(i.HAL_IncTick) for HAL_IncTick
    stm32f1xx_it.o(i.USART2_IRQHandler) refers to stm32f1xx_hal_uart.o(i.HAL_UART_IRQHandler) for HAL_UART_IRQHandler
    stm32f1xx_it.o(i.USART2_IRQHandler) refers to main.o(.bss) for huart2
    stm32f1xx_hal_msp.o(i.HAL_SPI_MspDeInit) refers to stm32f1xx_hal_gpio.o(i.HAL_GPIO_DeInit) for HAL_GPIO_DeInit
    stm32f1xx_hal_msp.o(i.HAL_SPI_MspInit) refers to stm32f1xx_hal_gpio.o(i.HAL_GPIO_Init) for HAL_GPIO_Init
    stm32f1xx_hal_msp.o(i.HAL_UART_MspDeInit) refers to stm32f1xx_hal_gpio.o(i.HAL_GPIO_DeInit) for HAL_GPIO_DeInit
    stm32f1xx_hal_msp.o(i.HAL_UART_MspDeInit) refers to stm32f1xx_hal_cortex.o(i.HAL_NVIC_DisableIRQ) for HAL_NVIC_DisableIRQ
    stm32f1xx_hal_msp.o(i.HAL_UART_MspInit) refers to stm32f1xx_hal_gpio.o(i.HAL_GPIO_Init) for HAL_GPIO_Init
    stm32f1xx_hal_msp.o(i.HAL_UART_MspInit) refers to stm32f1xx_hal_cortex.o(i.HAL_NVIC_SetPriority) for HAL_NVIC_SetPriority
    stm32f1xx_hal_msp.o(i.HAL_UART_MspInit) refers to stm32f1xx_hal_cortex.o(i.HAL_NVIC_EnableIRQ) for HAL_NVIC_EnableIRQ
    stm32f1xx_hal_spi.o(i.HAL_SPI_Abort) refers to stm32f1xx_hal_dma.o(i.HAL_DMA_Abort) for HAL_DMA_Abort
    stm32f1xx_hal_spi.o(i.HAL_SPI_Abort) refers to system_stm32f10x.o(.data) for SystemCoreClock
    stm32f1xx_hal_spi.o(i.HAL_SPI_Abort) refers to stm32f1xx_hal_spi.o(i.SPI_AbortTx_ISR) for SPI_AbortTx_ISR
    stm32f1xx_hal_spi.o(i.HAL_SPI_Abort) refers to stm32f1xx_hal_spi.o(i.SPI_AbortRx_ISR) for SPI_AbortRx_ISR
[...]
    Removing stm32f1xx_hal_rcc_ex.o(i.HAL_RCCEx_GetPeriphCLKConfig), (44 bytes).
    Removing stm32f1xx_hal_rcc_ex.o(i.HAL_RCCEx_GetPeriphCLKFreq), (200 bytes).
    Removing stm32f1xx_hal_rcc_ex.o(i.HAL_RCCEx_PeriphCLKConfig), (236 bytes).
    Removing stm32f1xx_hal_gpio.o(.rev16_text), (4 bytes).
    Removing stm32f1xx_hal_gpio.o(.revsh_text), (4 bytes).
    Removing stm32f1xx_hal_gpio.o(.rrx_text), (6 bytes).
    Removing stm32f1xx_hal_gpio.o(i.HAL_GPIO_DeInit), (252 bytes).
    Removing stm32f1xx_hal_gpio.o(i.HAL_GPIO_EXTI_Callback), (2 bytes).
    Removing stm32f1xx_hal_gpio.o(i.HAL_GPIO_EXTI_IRQHandler), (24 bytes).
    Removing stm32f1xx_hal_gpio.o(i.HAL_GPIO_LockPin), (34 bytes).
    Removing stm32f1xx_hal_gpio.o(i.HAL_GPIO_ReadPin), (10 bytes).
    Removing stm32f1xx_hal_gpio.o(i.HAL_GPIO_TogglePin), (16 bytes).
    Removing stm32f1xx_hal_dma.o(.rev16_text), (4 bytes).
    Removing stm32f1xx_hal_dma.o(.revsh_text), (4 bytes).
    Removing stm32f1xx_hal_dma.o(.rrx_text), (6 bytes).
    Removing stm32f1xx_hal_dma.o(i.DMA_SetConfig), (42 bytes).
    Removing stm32f1xx_hal_dma.o(i.HAL_DMA_Abort), (70 bytes).
    Removing stm32f1xx_hal_dma.o(i.HAL_DMA_DeInit), (92 bytes).
    Removing stm32f1xx_hal_dma.o(i.HAL_DMA_GetError), (4 bytes).
    Removing stm32f1xx_hal_dma.o(i.HAL_DMA_GetState), (6 bytes).
    Removing stm32f1xx_hal_dma.o(i.HAL_DMA_IRQHandler), (340 bytes).
    Removing stm32f1xx_hal_dma.o(i.HAL_DMA_Init), (92 bytes).
    Removing stm32f1xx_hal_dma.o(i.HAL_DMA_PollForTransfer), (532 bytes).
    Removing stm32f1xx_hal_dma.o(i.HAL_DMA_RegisterCallback), (74 bytes).
    Removing stm32f1xx_hal_dma.o(i.HAL_DMA_Start), (80 bytes).
    Removing stm32f1xx_hal_dma.o(i.HAL_DMA_Start_IT), (112 bytes).
    Removing stm32f1xx_hal_dma.o(i.HAL_DMA_UnRegisterCallback), (82 bytes).
    Removing stm32f1xx_hal_cortex.o(.rev16_text), (4 bytes).
    Removing stm32f1xx_hal_cortex.o(.revsh_text), (4 bytes).
    Removing stm32f1xx_hal_cortex.o(.rrx_text), (6 bytes).
    Removing stm32f1xx_hal_cortex.o(i.HAL_NVIC_ClearPendingIRQ), (26 bytes).
    Removing stm32f1xx_hal_cortex.o(i.HAL_NVIC_DisableIRQ), (34 bytes).
    Removing stm32f1xx_hal_cortex.o(i.HAL_NVIC_GetActive), (36 bytes).
    Removing stm32f1xx_hal_cortex.o(i.HAL_NVIC_GetPendingIRQ), (36 bytes).
    Removing stm32f1xx_hal_cortex.o(i.HAL_NVIC_GetPriority), (82 bytes).
    Removing stm32f1xx_hal_cortex.o(i.HAL_NVIC_GetPriorityGrouping), (16 bytes).
    Removing stm32f1xx_hal_cortex.o(i.HAL_NVIC_SetPendingIRQ), (26 bytes).
    Removing stm32f1xx_hal_cortex.o(i.HAL_NVIC_SystemReset), (36 bytes).
    Removing stm32f1xx_hal_cortex.o(i.HAL_SYSTICK_CLKSourceConfig), (24 bytes).
    Removing stm32f1xx_hal_cortex.o(i.HAL_SYSTICK_Callback), (2 bytes).
    Removing stm32f1xx_hal_cortex.o(i.HAL_SYSTICK_IRQHandler), (8 bytes).
    Removing stm32f1xx_hal_pwr.o(.rev16_text), (4 bytes).
    Removing stm32f1xx_hal_pwr.o(.revsh_text), (4 bytes).
    Removing stm32f1xx_hal_pwr.o(.rrx_text), (6 bytes).
    Removing stm32f1xx_hal_pwr.o(i.HAL_PWR_ConfigPVD), (124 bytes).
    Removing stm32f1xx_hal_pwr.o(i.HAL_PWR_DeInit), (24 bytes).
    Removing stm32f1xx_hal_pwr.o(i.HAL_PWR_DisableBkUpAccess), (12 bytes).
    Removing stm32f1xx_hal_pwr.o(i.HAL_PWR_DisablePVD), (12 bytes).
    Removing stm32f1xx_hal_pwr.o(i.HAL_PWR_DisableSEVOnPend), (16 bytes).
    Removing stm32f1xx_hal_pwr.o(i.HAL_PWR_DisableSleepOnExit), (16 bytes).
    Removing stm32f1xx_hal_pwr.o(i.HAL_PWR_DisableWakeUpPin), (28 bytes).
    Removing stm32f1xx_hal_pwr.o(i.HAL_PWR_EnableBkUpAccess), (12 bytes).
    Removing stm32f1xx_hal_pwr.o(i.HAL_PWR_EnablePVD), (12 bytes).
    Removing stm32f1xx_hal_pwr.o(i.HAL_PWR_EnableSEVOnPend), (16 bytes).
    Removing stm32f1xx_hal_pwr.o(i.HAL_PWR_EnableSleepOnExit), (16 bytes).
    Removing stm32f1xx_hal_pwr.o(i.HAL_PWR_EnableWakeUpPin), (28 bytes).
    Removing stm32f1xx_hal_pwr.o(i.HAL_PWR_EnterSLEEPMode), (32 bytes).
    Removing stm32f1xx_hal_pwr.o(i.HAL_PWR_EnterSTANDBYMode), (32 bytes).
    Removing stm32f1xx_hal_pwr.o(i.HAL_PWR_EnterSTOPMode), (68 bytes).
    Removing stm32f1xx_hal_pwr.o(i.HAL_PWR_PVDCallback), (2 bytes).
    Removing stm32f1xx_hal_pwr.o(i.HAL_PWR_PVD_IRQHandler), (28 bytes).
    Removing stm32f1xx_hal_pwr.o(i.PWR_OverloadWfe), (6 bytes).
    Removing stm32f1xx_hal_flash.o(.rev16_text), (4 bytes).
    Removing stm32f1xx_hal_flash.o(.revsh_text), (4 bytes).
    Removing stm32f1xx_hal_flash.o(.rrx_text), (6 bytes).
    Removing stm32f1xx_hal_flash.o(i.FLASH_Program_HalfWord), (28 bytes).
    Removing stm32f1xx_hal_flash.o(i.FLASH_SetErrorCode), (92 bytes).
    Removing stm32f1xx_hal_flash.o(i.FLASH_WaitForLastOperation), (84 bytes).
    Removing stm32f1xx_hal_flash.o(i.HAL_FLASH_EndOfOperationCallback), (2 bytes).
    Removing stm32f1xx_hal_flash.o(i.HAL_FLASH_GetError), (12 bytes).
    Removing stm32f1xx_hal_flash.o(i.HAL_FLASH_IRQHandler), (264 bytes).
    Removing stm32f1xx_hal_flash.o(i.HAL_FLASH_Lock), (20 bytes).
    Removing stm32f1xx_hal_flash.o(i.HAL_FLASH_OB_Launch), (4 bytes).
    Removing stm32f1xx_hal_flash.o(i.HAL_FLASH_OB_Lock), (20 bytes).
    Removing stm32f1xx_hal_flash.o(i.HAL_FLASH_OB_Unlock), (36 bytes).
    Removing stm32f1xx_hal_flash.o(i.HAL_FLASH_OperationErrorCallback), (2 bytes).
    Removing stm32f1xx_hal_flash.o(i.HAL_FLASH_Program), (128 bytes).
    Removing stm32f1xx_hal_flash.o(i.HAL_FLASH_Program_IT), (100 bytes).
    Removing stm32f1xx_hal_flash.o(i.HAL_FLASH_Unlock), (40 bytes).
    Removing stm32f1xx_hal_flash.o(.bss), (32 bytes).
    Removing stm32f1xx_hal_flash_ex.o(.rev16_text), (4 bytes).
    Removing stm32f1xx_hal_flash_ex.o(.revsh_text), (4 bytes).
    Removing stm32f1xx_hal_flash_ex.o(.rrx_text), (6 bytes).
    Removing stm32f1xx_hal_flash_ex.o(i.FLASH_MassErase), (36 bytes).
    Removing stm32f1xx_hal_flash_ex.o(i.FLASH_OB_DisableWRP), (176 bytes).
    Removing stm32f1xx_hal_flash_ex.o(i.FLASH_OB_EnableWRP), (176 bytes).
    Removing stm32f1xx_hal_flash_ex.o(i.FLASH_OB_GetRDP), (24 bytes).
    Removing stm32f1xx_hal_flash_ex.o(i.FLASH_OB_RDP_LevelConfig), (100 bytes).
    Removing stm32f1xx_hal_flash_ex.o(i.FLASH_PageErase), (36 bytes).
    Removing stm32f1xx_hal_flash_ex.o(i.HAL_FLASHEx_Erase), (168 bytes).
    Removing stm32f1xx_hal_flash_ex.o(i.HAL_FLASHEx_Erase_IT), (84 bytes).
    Removing stm32f1xx_hal_flash_ex.o(i.HAL_FLASHEx_OBErase), (84 bytes).
    Removing stm32f1xx_hal_flash_ex.o(i.HAL_FLASHEx_OBGetConfig), (36 bytes).
    Removing stm32f1xx_hal_flash_ex.o(i.HAL_FLASHEx_OBGetUserData), (32 bytes).
    Removing stm32f1xx_hal_flash_ex.o(i.HAL_FLASHEx_OBProgram), (200 bytes).
    Removing stm32f1xx_hal_exti.o(.rev16_text), (4 bytes).
    Removing stm32f1xx_hal_exti.o(.revsh_text), (4 bytes).
    Removing stm32f1xx_hal_exti.o(.rrx_text), (6 bytes).
    Removing stm32f1xx_hal_exti.o(i.HAL_EXTI_ClearConfigLine), (104 bytes).
    Removing stm32f1xx_hal_exti.o(i.HAL_EXTI_ClearPending), (20 bytes).
    Removing stm32f1xx_hal_exti.o(i.HAL_EXTI_GenerateSWI), (20 bytes).
    Removing stm32f1xx_hal_exti.o(i.HAL_EXTI_GetConfigLine), (152 bytes).
    Removing stm32f1xx_hal_exti.o(i.HAL_EXTI_GetHandle), (12 bytes).
    Removing stm32f1xx_hal_exti.o(i.HAL_EXTI_GetPending), (24 bytes).
    Removing stm32f1xx_hal_exti.o(i.HAL_EXTI_IRQHandler), (36 bytes).
    Removing stm32f1xx_hal_exti.o(i.HAL_EXTI_RegisterCallback), (14 bytes).
    Removing stm32f1xx_hal_exti.o(i.HAL_EXTI_SetConfigLine), (164 bytes).
    Removing stm32f1xx_hal_tim.o(.rev16_text), (4 bytes).
    Removing stm32f1xx_hal_tim.o(.revsh_text), (4 bytes).
    Removing stm32f1xx_hal_tim.o(.rrx_text), (6 bytes).
    Removing stm32f1xx_hal_tim_ex.o(.rev16_text), (4 bytes).
    Removing stm32f1xx_hal_tim_ex.o(.revsh_text), (4 bytes).
    Removing stm32f1xx_hal_tim_ex.o(.rrx_text), (6 bytes).
    Removing stm32f1xx_hal_uart.o(.rev16_text), (4 bytes).
    Removing stm32f1xx_hal_uart.o(.revsh_text), (4 bytes).
    Removing stm32f1xx_hal_uart.o(.rrx_text), (6 bytes).
    Removing stm32f1xx_hal_uart.o(i.HAL_HalfDuplex_EnableReceiver), (50 bytes).
    Removing stm32f1xx_hal_uart.o(i.HAL_HalfDuplex_EnableTransmitter), (50 bytes).
    Removing stm32f1xx_hal_uart.o(i.HAL_HalfDuplex_Init), (108 bytes).
    Removing stm32f1xx_hal_uart.o(i.HAL_LIN_Init), (128 bytes).
    Removing stm32f1xx_hal_uart.o(i.HAL_LIN_SendBreak), (46 bytes).
    Removing stm32f1xx_hal_uart.o(i.HAL_MultiProcessor_EnterMuteMode), (46 bytes).
    Removing stm32f1xx_hal_uart.o(i.HAL_MultiProcessor_ExitMuteMode), (46 bytes).
    Removing stm32f1xx_hal_uart.o(i.HAL_MultiProcessor_Init), (142 bytes).
    Removing stm32f1xx_hal_uart.o(i.HAL_UART_Abort), (138 bytes).
    Removing stm32f1xx_hal_uart.o(i.HAL_UART_AbortCpltCallback), (2 bytes).
    Removing stm32f1xx_hal_uart.o(i.HAL_UART_AbortReceive), (88 bytes).
    Removing stm32f1xx_hal_uart.o(i.HAL_UART_AbortReceiveCpltCallback), (2 bytes).
    Removing stm32f1xx_hal_uart.o(i.HAL_UART_AbortReceive_IT), (92 bytes).
    Removing stm32f1xx_hal_uart.o(i.HAL_UART_AbortTransmit), (78 bytes).
    Removing stm32f1xx_hal_uart.o(i.HAL_UART_AbortTransmitCpltCallback), (2 bytes).
    Removing stm32f1xx_hal_uart.o(i.HAL_UART_AbortTransmit_IT), (84 bytes).
    Removing stm32f1xx_hal_uart.o(i.HAL_UART_Abort_IT), (172 bytes).
    Removing stm32f1xx_hal_uart.o(i.HAL_UART_DMAPause), (102 bytes).
    Removing stm32f1xx_hal_uart.o(i.HAL_UART_DMAResume), (94 bytes).
    Removing stm32f1xx_hal_uart.o(i.HAL_UART_DMAStop), (88 bytes).
    Removing stm32f1xx_hal_uart.o(i.HAL_UART_DeInit), (50 bytes).
    Removing stm32f1xx_hal_uart.o(i.HAL_UART_GetError), (4 bytes).
    Removing stm32f1xx_hal_uart.o(i.HAL_UART_GetState), (10 bytes).
    Removing stm32f1xx_hal_uart.o(i.HAL_UART_MspDeInit), (2 bytes).
    Removing stm32f1xx_hal_uart.o(i.HAL_UART_MspInit), (2 bytes).
    Removing stm32f1xx_hal_uart.o(i.HAL_UART_Receive_DMA), (152 bytes).
    Removing stm32f1xx_hal_uart.o(i.HAL_UART_Receive_IT), (82 bytes).
    Removing stm32f1xx_hal_uart.o(i.HAL_UART_RxHalfCpltCallback), (2 bytes).
    Removing stm32f1xx_hal_uart.o(i.HAL_UART_Transmit_DMA), (128 bytes).
    Removing stm32f1xx_hal_uart.o(i.HAL_UART_Transmit_IT), (62 bytes).
    Removing stm32f1xx_hal_uart.o(i.HAL_UART_TxHalfCpltCallback), (2 bytes).
    Removing stm32f1xx_hal_uart.o(i.UART_DMAError), (74 bytes).
    Removing stm32f1xx_hal_uart.o(i.UART_DMAReceiveCplt), (60 bytes).
    Removing stm32f1xx_hal_uart.o(i.UART_DMARxAbortCallback), (42 bytes).
    Removing stm32f1xx_hal_uart.o(i.UART_DMARxHalfCplt), (10 bytes).
    Removing stm32f1xx_hal_uart.o(i.UART_DMARxOnlyAbortCallback), (20 bytes).
    Removing stm32f1xx_hal_uart.o(i.UART_DMATransmitCplt), (46 bytes).
    Removing stm32f1xx_hal_uart.o(i.UART_DMATxAbortCallback), (42 bytes).
    Removing stm32f1xx_hal_uart.o(i.UART_DMATxHalfCplt), (10 bytes).
    Removing stm32f1xx_hal_uart.o(i.UART_DMATxOnlyAbortCallback), (20 bytes).
    Removing stm32f1xx_hal_uart.o(i.UART_EndTxTransfer), (18 bytes).
    Removing nrf24.o(.rev16_text), (4 bytes).
    Removing nrf24.o(.revsh_text), (4 bytes).
    Removing nrf24.o(.rrx_text), (6 bytes).
    Removing nrf24.o(i.NRF24_GetAckPayloadSize), (12 bytes).
    Removing nrf24.o(i.NRF24_disableCRC), (22 bytes).
    Removing nrf24.o(i.NRF24_enableAckPayload), (66 bytes).
    Removing nrf24.o(i.NRF24_enableDynamicPayloads), (76 bytes).
    Removing nrf24.o(i.NRF24_getCRCLength), (32 bytes).
    Removing nrf24.o(i.NRF24_getDataRate), (32 bytes).
    Removing nrf24.o(i.NRF24_getPALevel), (40 bytes).
    Removing nrf24.o(i.NRF24_getPayloadSize), (12 bytes).
    Removing nrf24.o(i.NRF24_isAckPayloadAvailable), (16 bytes).
    Removing nrf24.o(i.NRF24_isNRF_Plus), (12 bytes).
    Removing nrf24.o(i.NRF24_powerUp), (22 bytes).
    Removing nrf24.o(i.NRF24_setAutoAckPipe), (44 bytes).
    Removing nrf24.o(i.NRF24_testCarrier), (14 bytes).
    Removing nrf24.o(i.NRF24_testRPD), (14 bytes).
    Removing nrf24.o(i.NRF24_writeAckPayload), (46 bytes).
    Removing nrf24.o(i.RF24_ClosePipe), (30 bytes).
    Removing nrf24.o(i.RF24_closeAddress), (44 bytes).
    Removing nrf24.o(i.nrf24_DebugUART_Init), (24 bytes).
    Removing nrf24.o(i.printConfigReg), (180 bytes).
    Removing nrf24.o(i.printFIFOstatus), (152 bytes).
    Removing nrf24.o(i.printStatusReg), (168 bytes).
    Removing lcd16x2.o(.rev16_text), (4 bytes).
    Removing lcd16x2.o(.revsh_text), (4 bytes).
    Removing lcd16x2.o(.rrx_text), (6 bytes).
    Removing lcd16x2.o(i.lcd16x2_1stLine), (8 bytes).
    Removing lcd16x2.o(i.lcd16x2_2ndLine), (8 bytes).
    Removing lcd16x2.o(i.lcd16x2_display), (28 bytes).
    Removing lcd16x2.o(i.lcd16x2_init_8bits), (156 bytes).
    Removing lcd16x2.o(i.lcd16x2_oneLine), (20 bytes).
    Removing lcd16x2.o(i.lcd16x2_shiftLeft), (24 bytes).
    Removing lcd16x2.o(i.lcd16x2_shiftRight), (24 bytes).
    Removing lcd16x2.o(i.lcd16x2_twoLines), (20 bytes).
    Removing startup_stm32f10x_md.o(HEAP), (512 bytes).
    Removing system_stm32f10x.o(.rev16_text), (4 bytes).
    Removing system_stm32f10x.o(.revsh_text), (4 bytes).
    Removing system_stm32f10x.o(.rrx_text), (6 bytes).
    Removing system_stm32f10x.o(i.SystemCoreClockUpdate), (100 bytes).

304 unused section(s) (total 15000 bytes) removed from the image.

==============================================================================

Image Symbol Table

    Local Symbols

    Symbol Name                              Value     Ov Type        Size  Object(Section)

    ../Core/Src/main.c                       0x00000000   Number         0  main.o ABSOLUTE
    ../Core/Src/stm32f1xx_hal_msp.c          0x00000000   Number         0  stm32f1xx_hal_msp.o ABSOLUTE
    ../Core/Src/stm32f1xx_it.c               0x00000000   Number         0  stm32f1xx_it.o ABSOLUTE
    ../Drivers/STM32F1xx_HAL_Driver/Src/stm32f1xx_hal.c 0x00000000   Number         0  stm32f1xx_hal.o ABSOLUTE
    ../Drivers/STM32F1xx_HAL_Driver/Src/stm32f1xx_hal_cortex.c 0x00000000   Number         0  stm32f1xx_hal_cortex.o ABSOLUTE
    ../Drivers/STM32F1xx_HAL_Driver/Src/stm32f1xx_hal_dma.c 0x00000000   Number         0  stm32f1xx_hal_dma.o ABSOLUTE
    ../Drivers/STM32F1xx_HAL_Driver/Src/stm32f1xx_hal_exti.c 0x00000000   Number         0  stm32f1xx_hal_exti.o ABSOLUTE
    ../Drivers/STM32F1xx_HAL_Driver/Src/stm32f1xx_hal_flash.c 0x00000000   Number         0  stm32f1xx_hal_flash.o ABSOLUTE
    ../Drivers/STM32F1xx_HAL_Driver/Src/stm32f1xx_hal_flash_ex.c 0x00000000   Number         0  stm32f1xx_hal_flash_ex.o ABSOLUTE
    ../Drivers/STM32F1xx_HAL_Driver/Src/stm32f1xx_hal_gpio.c 0x00000000   Number         0  stm32f1xx_hal_gpio.o ABSOLUTE
    ../Drivers/STM32F1xx_HAL_Driver/Src/stm32f1xx_hal_gpio_ex.c 0x00000000   Number         0  stm32f1xx_hal_gpio_ex.o ABSOLUTE
    ../Drivers/STM32F1xx_HAL_Driver/Src/stm32f1xx_hal_pwr.c 0x00000000   Number         0  stm32f1xx_hal_pwr.o ABSOLUTE
    ../Drivers/STM32F1xx_HAL_Driver/Src/stm32f1xx_hal_rcc.c 0x00000000   Number         0  stm32f1xx_hal_rcc.o ABSOLUTE
    ../Drivers/STM32F1xx_HAL_Driver/Src/stm32f1xx_hal_rcc_ex.c 0x00000000   Number         0  stm32f1xx_hal_rcc_ex.o ABSOLUTE
    ../Drivers/STM32F1xx_HAL_Driver/Src/stm32f1xx_hal_spi.c 0x00000000   Number         0  stm32f1xx_hal_spi.o ABSOLUTE
    ../Drivers/STM32F1xx_HAL_Driver/Src/stm32f1xx_hal_tim.c 0x00000000   Number         0  stm32f1xx_hal_tim.o ABSOLUTE
    ../Drivers/STM32F1xx_HAL_Driver/Src/stm32f1xx_hal_tim_ex.c 0x00000000   Number         0  stm32f1xx_hal_tim_ex.o ABSOLUTE
    ../Drivers/STM32F1xx_HAL_Driver/Src/stm32f1xx_hal_uart.c 0x00000000   Number         0  stm32f1xx_hal_uart.o ABSOLUTE
    ../clib/microlib/division.c              0x00000000   Number         0  uidiv.o ABSOLUTE
    ../clib/microlib/division.c              0x00000000   Number         0  uldiv.o ABSOLUTE
    ../clib/microlib/init/entry.s            0x00000000   Number         0  entry9a.o ABSOLUTE
    ../clib/microlib/init/entry.s            0x00000000   Number         0  entry9b.o ABSOLUTE
    ../clib/microlib/init/entry.s            0x00000000   Number         0  entry10b.o ABSOLUTE
    ../clib/microlib/init/entry.s            0x00000000   Number         0  entry.o ABSOLUTE
    ../clib/microlib/init/entry.s            0x00000000   Number         0  entry11a.o ABSOLUTE
    ../clib/microlib/init/entry.s            0x00000000   Number         0  entry11b.o ABSOLUTE
    ../clib/microlib/init/entry.s            0x00000000   Number         0  entry10a.o ABSOLUTE
    ../clib/microlib/init/entry.s            0x00000000   Number         0  entry2.o ABSOLUTE
    ../clib/microlib/init/entry.s            0x00000000   Number         0  entry5.o ABSOLUTE
    ../clib/microlib/init/entry.s            0x00000000   Number         0  entry7a.o ABSOLUTE
    ../clib/microlib/init/entry.s            0x00000000   Number         0  entry7b.o ABSOLUTE
    ../clib/microlib/init/entry.s            0x00000000   Number         0  entry8a.o ABSOLUTE
    ../clib/microlib/init/entry.s            0x00000000   Number         0  entry8b.o ABSOLUTE
    ../clib/microlib/longlong.c              0x00000000   Number         0  llsshr.o ABSOLUTE
    ../clib/microlib/longlong.c              0x00000000   Number         0  llushr.o ABSOLUTE
    ../clib/microlib/longlong.c              0x00000000   Number         0  llshl.o ABSOLUTE
    ../clib/microlib/printf/printf.c         0x00000000   Number         0  printfa.o ABSOLUTE
    ../clib/microlib/printf/printf.c         0x00000000   Number         0  printf7.o ABSOLUTE
    ../clib/microlib/printf/printf.c         0x00000000   Number         0  printf6.o ABSOLUTE
    ../clib/microlib/printf/printf.c         0x00000000   Number         0  printf5.o ABSOLUTE
    ../clib/microlib/printf/printf.c         0x00000000   Number         0  printf4.o ABSOLUTE
    ../clib/microlib/printf/printf.c         0x00000000   Number         0  printf1.o ABSOLUTE
    ../clib/microlib/printf/printf.c         0x00000000   Number         0  printf3.o ABSOLUTE
    ../clib/microlib/printf/printf.c         0x00000000   Number         0  printf2.o ABSOLUTE
    ../clib/microlib/printf/printf.c         0x00000000   Number         0  printf0.o ABSOLUTE
    ../clib/microlib/printf/printf.c         0x00000000   Number         0  printfb.o ABSOLUTE
    ../clib/microlib/printf/printf.c         0x00000000   Number         0  printf8.o ABSOLUTE
    ../clib/microlib/printf/stubs.s          0x00000000   Number         0  stubs.o ABSOLUTE
    ../clib/microlib/stdio/fputc.c           0x00000000   Number         0  fputc.o ABSOLUTE
    ../clib/microlib/stdio/semi.s            0x00000000   Number         0  semi.o ABSOLUTE
    ../clib/microlib/stdio/streams.c         0x00000000   Number         0  stdout.o ABSOLUTE
    ../clib/microlib/string/memcpy.c         0x00000000   Number         0  memcpyb.o ABSOLUTE
    ../clib/microlib/string/memcpy.c         0x00000000   Number         0  memcpya.o ABSOLUTE
    ../clib/microlib/string/memset.c         0x00000000   Number         0  memseta.o ABSOLUTE
    ../clib/microlib/string/strlen.c         0x00000000   Number         0  strlen.o ABSOLUTE
    ../clib/microlib/stubs.s                 0x00000000   Number         0  iusesemip.o ABSOLUTE
    ../clib/microlib/stubs.s                 0x00000000   Number         0  iusefp.o ABSOLUTE
    ../fplib/microlib/fpadd.c                0x00000000   Number         0  dadd.o ABSOLUTE
    ../fplib/microlib/fpdiv.c                0x00000000   Number         0  ddiv.o ABSOLUTE
    ../fplib/microlib/fpepilogue.c           0x00000000   Number         0  depilogue.o ABSOLUTE
    ../fplib/microlib/fpfix.c                0x00000000   Number         0  dfixul.o ABSOLUTE
    ../fplib/microlib/fpmul.c                0x00000000   Number         0  dmul.o ABSOLUTE
    ..\..\..\..\02_STM32\01_STM32 Library\02_NRF24L01\NRF24.c 0x00000000   Number         0  nrf24.o ABSOLUTE
    ..\..\..\..\02_STM32\01_STM32 Library\[00] LCD16x2\lcd16x2.c 0x00000000   Number         0  lcd16x2.o ABSOLUTE
    ..\Core\Src\main.c                       0x00000000   Number         0  main.o ABSOLUTE
    ..\Core\Src\stm32f1xx_hal_msp.c          0x00000000   Number         0  stm32f1xx_hal_msp.o ABSOLUTE
    ..\Core\Src\stm32f1xx_it.c               0x00000000   Number         0  stm32f1xx_it.o ABSOLUTE
    ..\Drivers\STM32F1xx_HAL_Driver\Src\stm32f1xx_hal.c 0x00000000   Number         0  stm32f1xx_hal.o ABSOLUTE
    ..\Drivers\STM32F1xx_HAL_Driver\Src\stm32f1xx_hal_cortex.c 0x00000000   Number         0  stm32f1xx_hal_cortex.o ABSOLUTE
    ..\Drivers\STM32F1xx_HAL_Driver\Src\stm32f1xx_hal_dma.c 0x00000000   Number         0  stm32f1xx_hal_dma.o ABSOLUTE
    ..\Drivers\STM32F1xx_HAL_Driver\Src\stm32f1xx_hal_exti.c 0x00000000   Number         0  stm32f1xx_hal_exti.o ABSOLUTE
    ..\Drivers\STM32F1xx_HAL_Driver\Src\stm32f1xx_hal_flash.c 0x00000000   Number         0  stm32f1xx_hal_flash.o ABSOLUTE
    ..\Drivers\STM32F1xx_HAL_Driver\Src\stm32f1xx_hal_flash_ex.c 0x00000000   Number         0  stm32f1xx_hal_flash_ex.o ABSOLUTE
    ..\Drivers\STM32F1xx_HAL_Driver\Src\stm32f1xx_hal_gpio.c 0x00000000   Number         0  stm32f1xx_hal_gpio.o ABSOLUTE
    ..\Drivers\STM32F1xx_HAL_Driver\Src\stm32f1xx_hal_gpio_ex.c 0x00000000   Number         0  stm32f1xx_hal_gpio_ex.o ABSOLUTE
    ..\Drivers\STM32F1xx_HAL_Driver\Src\stm32f1xx_hal_pwr.c 0x00000000   Number         0  stm32f1xx_hal_pwr.o ABSOLUTE
    ..\Drivers\STM32F1xx_HAL_Driver\Src\stm32f1xx_hal_rcc.c 0x00000000   Number         0  stm32f1xx_hal_rcc.o ABSOLUTE
    ..\Drivers\STM32F1xx_HAL_Driver\Src\stm32f1xx_hal_rcc_ex.c 0x00000000   Number         0  stm32f1xx_hal_rcc_ex.o ABSOLUTE
    ..\Drivers\STM32F1xx_HAL_Driver\Src\stm32f1xx_hal_spi.c 0x00000000   Number         0  stm32f1xx_hal_spi.o ABSOLUTE
    ..\Drivers\STM32F1xx_HAL_Driver\Src\stm32f1xx_hal_tim.c 0x00000000   Number         0  stm32f1xx_hal_tim.o ABSOLUTE
    ..\Drivers\STM32F1xx_HAL_Driver\Src\stm32f1xx_hal_tim_ex.c 0x00000000   Number         0  stm32f1xx_hal_tim_ex.o ABSOLUTE
    ..\Drivers\STM32F1xx_HAL_Driver\Src\stm32f1xx_hal_uart.c 0x00000000   Number         0  stm32f1xx_hal_uart.o ABSOLUTE
    ..\\..\\..\\..\\02_STM32\\01_STM32 Library\\02_NRF24L01\\NRF24.c 0x00000000   Number         0  nrf24.o ABSOLUTE
    ..\\..\\..\\..\\02_STM32\\01_STM32 Library\\[00] LCD16x2\\lcd16x2.c 0x00000000   Number         0  lcd16x2.o ABSOLUTE
    RTE\Device\STM32F103C8\startup_stm32f10x_md.s 0x00000000   Number         0  startup_stm32f10x_md.o ABSOLUTE
    RTE\Device\STM32F103C8\system_stm32f10x.c 0x00000000   Number         0  system_stm32f10x.o ABSOLUTE
    RTE\\Device\\STM32F103C8\\system_stm32f10x.c 0x00000000   Number         0  system_stm32f10x.o ABSOLUTE
    cdrcmple.s                               0x00000000   Number         0  cdrcmple.o ABSOLUTE
    dc.s                                     0x00000000   Number         0  dc.o ABSOLUTE
    handlers.s                               0x00000000   Number         0  handlers.o ABSOLUTE
    init.s                                   0x00000000   Number         0  init.o ABSOLUTE
    RESET                                    0x08000000   Section      236  startup_stm32f10x_md.o(RESET)
    .ARM.Collect$$$$00000000                 0x080000ec   Section        0  entry.o(.ARM.Collect$$$$00000000)
    .ARM.Collect$$$$00000001                 0x080000ec   Section        4  entry2.o(.ARM.Collect$$$$00000001)
    .ARM.Collect$$$$00000004                 0x080000f0   Section        4  entry5.o(.ARM.Collect$$$$00000004)
    .ARM.Collect$$$$00000008                 0x080000f4   Section        0  entry7b.o(.ARM.Collect$$$$00000008)
    .ARM.Collect$$$$0000000A                 0x080000f4   Section        0  entry8b.o(.ARM.Collect$$$$0000000A)
    .ARM.Collect$$$$0000000B                 0x080000f4   Section        8  entry9a.o(.ARM.Collect$$$$0000000B)
    .ARM.Collect$$$$0000000D                 0x080000fc   Section        0  entry10a.o(.ARM.Collect$$$$0000000D)
    .ARM.Collect$$$$0000000F                 0x080000fc   Section        0  entry11a.o(.ARM.Collect$$$$0000000F)
    .ARM.Collect$$$$00002712                 0x080000fc   Section        4  entry2.o(.ARM.Collect$$$$00002712)
    __lit__00000000                          0x080000fc   Data           4  entry2.o(.ARM.Collect$$$$00002712)
    .text                                    0x08000100   Section       36  startup_stm32f10x_md.o(.text)
    .text                                    0x08000124   Section        0  llushr.o(.text)
    .text                                    0x08000144   Section        0  memcpya.o(.text)
    .text                                    0x08000168   Section        0  memseta.o(.text)
    .text                                    0x0800018c   Section        0  strlen.o(.text)
    .text                                    0x0800019a   Section        0  uidiv.o(.text)
    .text                                    0x080001c6   Section        0  uldiv.o(.text)
    .text                                    0x08000228   Section        0  iusefp.o(.text)
    .text                                    0x08000228   Section        0  dadd.o(.text)
    .text                                    0x08000376   Section        0  dmul.o(.text)
    .text                                    0x0800045a   Section        0  ddiv.o(.text)
    .text                                    0x08000538   Section        0  dfixul.o(.text)
    .text                                    0x08000568   Section       48  cdrcmple.o(.text)
    .text                                    0x08000598   Section       36  init.o(.text)
    .text                                    0x080005bc   Section        0  llshl.o(.text)
    .text                                    0x080005da   Section        0  llsshr.o(.text)
    .text                                    0x080005fe   Section        0  depilogue.o(.text)
    i.BusFault_Handler                       0x080006b8   Section        0  stm32f1xx_it.o(i.BusFault_Handler)
    i.DWT_Delay_Init                         0x080006bc   Section        0  lcd16x2.o(i.DWT_Delay_Init)
    DWT_Delay_Init                           0x080006bd   Thumb Code    58  lcd16x2.o(i.DWT_Delay_Init)
    i.DWT_Delay_us                           0x08000700   Section        0  lcd16x2.o(i.DWT_Delay_us)
    DWT_Delay_us                             0x08000701   Thumb Code    34  lcd16x2.o(i.DWT_Delay_us)
    i.DebugMon_Handler                       0x0800072c   Section        0  stm32f1xx_it.o(i.DebugMon_Handler)
    i.HAL_DMA_Abort_IT                       0x08000730   Section        0  stm32f1xx_hal_dma.o(i.HAL_DMA_Abort_IT)
    i.HAL_Delay                              0x080007c8   Section        0  stm32f1xx_hal.o(i.HAL_Delay)
    i.HAL_GPIO_Init                          0x080007ec   Section        0  stm32f1xx_hal_gpio.o(i.HAL_GPIO_Init)
    i.HAL_GPIO_WritePin                      0x080009cc   Section        0  stm32f1xx_hal_gpio.o(i.HAL_GPIO_WritePin)
    i.HAL_GetTick                            0x080009d8   Section        0  stm32f1xx_hal.o(i.HAL_GetTick)
    i.HAL_IncTick                            0x080009e4   Section        0  stm32f1xx_hal.o(i.HAL_IncTick)
    i.HAL_Init                               0x080009f4   Section        0  stm32f1xx_hal.o(i.HAL_Init)
    i.HAL_InitTick                           0x08000a18   Section        0  stm32f1xx_hal.o(i.HAL_InitTick)
    i.HAL_MspInit                            0x08000a58   Section        0  stm32f1xx_hal_msp.o(i.HAL_MspInit)
    i.HAL_NVIC_EnableIRQ                     0x08000a94   Section        0  stm32f1xx_hal_cortex.o(i.HAL_NVIC_EnableIRQ)
    i.HAL_NVIC_SetPriority                   0x08000ab0   Section        0  stm32f1xx_hal_cortex.o(i.HAL_NVIC_SetPriority)
    i.HAL_NVIC_SetPriorityGrouping           0x08000af0   Section        0  stm32f1xx_hal_cortex.o(i.HAL_NVIC_SetPriorityGrouping)
    i.HAL_RCC_ClockConfig                    0x08000b14   Section        0  stm32f1xx_hal_rcc.o(i.HAL_RCC_ClockConfig)
    i.HAL_RCC_GetHCLKFreq                    0x08000c40   Section        0  stm32f1xx_hal_rcc.o(i.HAL_RCC_GetHCLKFreq)
    i.HAL_RCC_GetPCLK1Freq                   0x08000c4c   Section        0  stm32f1xx_hal_rcc.o(i.HAL_RCC_GetPCLK1Freq)
    i.HAL_RCC_GetPCLK2Freq                   0x08000c6c   Section        0  stm32f1xx_hal_rcc.o(i.HAL_RCC_GetPCLK2Freq)
    i.HAL_RCC_GetSysClockFreq                0x08000c8c   Section        0  stm32f1xx_hal_rcc.o(i.HAL_RCC_GetSysClockFreq)
    i.HAL_RCC_OscConfig                      0x08000cf8   Section        0  stm32f1xx_hal_rcc.o(i.HAL_RCC_OscConfig)
    i.HAL_SPI_Init                           0x08001018   Section        0  stm32f1xx_hal_spi.o(i.HAL_SPI_Init)
    i.HAL_SPI_MspInit                        0x080010cc   Section        0  stm32f1xx_hal_msp.o(i.HAL_SPI_MspInit)
    i.HAL_SPI_Receive                        0x0800113c   Section        0  stm32f1xx_hal_spi.o(i.HAL_SPI_Receive)
    i.HAL_SPI_Transmit                       0x08001296   Section        0  stm32f1xx_hal_spi.o(i.HAL_SPI_Transmit)
    i.HAL_SPI_TransmitReceive                0x080013fc   Section        0  stm32f1xx_hal_spi.o(i.HAL_SPI_TransmitReceive)
    i.HAL_SYSTICK_Config                     0x080015de   Section        0  stm32f1xx_hal_cortex.o(i.HAL_SYSTICK_Config)
    i.HAL_UART_ErrorCallback                 0x08001606   Section        0  stm32f1xx_hal_uart.o(i.HAL_UART_ErrorCallback)
    i.HAL_UART_IRQHandler                    0x08001608   Section        0  stm32f1xx_hal_uart.o(i.HAL_UART_IRQHandler)
    i.HAL_UART_Init                          0x08001764   Section        0  stm32f1xx_hal_uart.o(i.HAL_UART_Init)
    i.HAL_UART_MspInit                       0x080017c8   Section        0  stm32f1xx_hal_msp.o(i.HAL_UART_MspInit)
    i.HAL_UART_Receive                       0x08001848   Section        0  stm32f1xx_hal_uart.o(i.HAL_UART_Receive)
    i.HAL_UART_RxCpltCallback                0x08001904   Section        0  stm32f1xx_hal_uart.o(i.HAL_UART_RxCpltCallback)
    i.HAL_UART_Transmit                      0x08001908   Section        0  stm32f1xx_hal_uart.o(i.HAL_UART_Transmit)
    i.HAL_UART_TxCpltCallback                0x080019ba   Section        0  stm32f1xx_hal_uart.o(i.HAL_UART_TxCpltCallback)
    i.HardFault_Handler                      0x080019bc   Section        0  stm32f1xx_it.o(i.HardFault_Handler)
    i.MX_GPIO_Init                           0x080019c0   Section        0  main.o(i.MX_GPIO_Init)
    MX_GPIO_Init                             0x080019c1   Thumb Code   196  main.o(i.MX_GPIO_Init)
    i.MX_SPI1_Init                           0x08001a94   Section        0  main.o(i.MX_SPI1_Init)
    MX_SPI1_Init                             0x08001a95   Thumb Code    44  main.o(i.MX_SPI1_Init)
    i.MemManage_Handler                      0x08001ac8   Section        0  stm32f1xx_it.o(i.MemManage_Handler)
    i.NMI_Handler                            0x08001aca   Section        0  stm32f1xx_it.o(i.NMI_Handler)
    i.NRF24_ACTIVATE_cmd                     0x08001acc   Section        0  nrf24.o(i.NRF24_ACTIVATE_cmd)
    i.NRF24_DelayMicroSeconds                0x08001af8   Section        0  nrf24.o(i.NRF24_DelayMicroSeconds)
    i.NRF24_available                        0x08001b14   Section        0  nrf24.o(i.NRF24_available)
    i.NRF24_availablePipe                    0x08001b1a   Section        0  nrf24.o(i.NRF24_availablePipe)
    i.NRF24_begin                            0x08001b4c   Section        0  nrf24.o(i.NRF24_begin)
    i.NRF24_ce                               0x08001cd8   Section        0  nrf24.o(i.NRF24_ce)
    i.NRF24_csn                              0x08001cec   Section        0  nrf24.o(i.NRF24_csn)
    i.NRF24_disableDynamicPayloads           0x08001d00   Section        0  nrf24.o(i.NRF24_disableDynamicPayloads)
    i.NRF24_flush_rx                         0x08001d28   Section        0  nrf24.o(i.NRF24_flush_rx)
    i.NRF24_flush_tx                         0x08001d30   Section        0  nrf24.o(i.NRF24_flush_tx)
    i.NRF24_getDynamicPayloadSize            0x08001d38   Section        0  nrf24.o(i.NRF24_getDynamicPayloadSize)
    i.NRF24_get_status                       0x08001d3e   Section        0  nrf24.o(i.NRF24_get_status)
    i.NRF24_openReadingPipe                  0x08001d44   Section        0  nrf24.o(i.NRF24_openReadingPipe)
    i.NRF24_openWritingPipe                  0x08001d9c   Section        0  nrf24.o(i.NRF24_openWritingPipe)
    i.NRF24_powerDown                        0x08001dc8   Section        0  nrf24.o(i.NRF24_powerDown)
    i.NRF24_read                             0x08001dde   Section        0  nrf24.o(i.NRF24_read)
    i.NRF24_read_payload                     0x08001e04   Section        0  nrf24.o(i.NRF24_read_payload)
    i.NRF24_read_register                    0x08001e48   Section        0  nrf24.o(i.NRF24_read_register)
    i.NRF24_read_registerN                   0x08001e88   Section        0  nrf24.o(i.NRF24_read_registerN)
    i.NRF24_resetStatus                      0x08001ec4   Section        0  nrf24.o(i.NRF24_resetStatus)
    i.NRF24_setAutoAck                       0x08001ecc   Section        0  nrf24.o(i.NRF24_setAutoAck)
    i.NRF24_setCRCLength                     0x08001eda   Section        0  nrf24.o(i.NRF24_setCRCLength)
    i.NRF24_setChannel                       0x08001f02   Section        0  nrf24.o(i.NRF24_setChannel)
    i.NRF24_setDataRate                      0x08001f10   Section        0  nrf24.o(i.NRF24_setDataRate)
    i.NRF24_setPALevel                       0x08001f6c   Section        0  nrf24.o(i.NRF24_setPALevel)
    i.NRF24_setPayloadSize                   0x08001fa8   Section        0  nrf24.o(i.NRF24_setPayloadSize)
    i.NRF24_setRetries                       0x08001fb8   Section        0  nrf24.o(i.NRF24_setRetries)
    i.NRF24_startListening                   0x08001fc8   Section        0  nrf24.o(i.NRF24_startListening)
    i.NRF24_startWrite                       0x0800200c   Section        0  nrf24.o(i.NRF24_startWrite)
    i.NRF24_stopListening                    0x08002056   Section        0  nrf24.o(i.NRF24_stopListening)
    i.NRF24_whatHappened                     0x0800206a   Section        0  nrf24.o(i.NRF24_whatHappened)
    i.NRF24_write                            0x0800209c   Section        0  nrf24.o(i.NRF24_write)
    i.NRF24_write_payload                    0x08002100   Section        0  nrf24.o(i.NRF24_write_payload)
    i.NRF24_write_register                   0x08002138   Section        0  nrf24.o(i.NRF24_write_register)
    i.NRF24_write_registerN                  0x08002168   Section        0  nrf24.o(i.NRF24_write_registerN)
    i.PendSV_Handler                         0x080021a4   Section        0  stm32f1xx_it.o(i.PendSV_Handler)
    i.SPI_EndRxTransaction                   0x080021a6   Section        0  stm32f1xx_hal_spi.o(i.SPI_EndRxTransaction)
    SPI_EndRxTransaction                     0x080021a7   Thumb Code    92  stm32f1xx_hal_spi.o(i.SPI_EndRxTransaction)
    i.SPI_EndRxTxTransaction                 0x08002202   Section        0  stm32f1xx_hal_spi.o(i.SPI_EndRxTxTransaction)
    SPI_EndRxTxTransaction                   0x08002203   Thumb Code    32  stm32f1xx_hal_spi.o(i.SPI_EndRxTxTransaction)
    i.SPI_WaitFlagStateUntilTimeout          0x08002224   Section        0  stm32f1xx_hal_spi.o(i.SPI_WaitFlagStateUntilTimeout)
    SPI_WaitFlagStateUntilTimeout            0x08002225   Thumb Code   180  stm32f1xx_hal_spi.o(i.SPI_WaitFlagStateUntilTimeout)
    i.SVC_Handler                            0x080022dc   Section        0  stm32f1xx_it.o(i.SVC_Handler)
    i.SetSysClockTo72                        0x080022e0   Section        0  system_stm32f10x.o(i.SetSysClockTo72)
    SetSysClockTo72                          0x080022e1   Thumb Code   160  system_stm32f10x.o(i.SetSysClockTo72)
    i.Setup                                  0x08002388   Section        0  main.o(i.Setup)
    i.Setup_NRF24_Address                    0x08002408   Section        0  main.o(i.Setup_NRF24_Address)
    i.SysTick_Handler                        0x08002424   Section        0  stm32f1xx_it.o(i.SysTick_Handler)
    i.SystemClock_Config                     0x08002428   Section        0  main.o(i.SystemClock_Config)
    i.SystemInit                             0x08002468   Section        0  system_stm32f10x.o(i.SystemInit)
    i.UART_DMAAbortOnError                   0x080024b8   Section        0  stm32f1xx_hal_uart.o(i.UART_DMAAbortOnError)
    UART_DMAAbortOnError                     0x080024b9   Thumb Code    16  stm32f1xx_hal_uart.o(i.UART_DMAAbortOnError)
    i.UART_EndRxTransfer                     0x080024c8   Section        0  stm32f1xx_hal_uart.o(i.UART_EndRxTransfer)
    UART_EndRxTransfer                       0x080024c9   Thumb Code    28  stm32f1xx_hal_uart.o(i.UART_EndRxTransfer)
    i.UART_Receive_IT                        0x080024e4   Section        0  stm32f1xx_hal_uart.o(i.UART_Receive_IT)
    UART_Receive_IT                          0x080024e5   Thumb Code   140  stm32f1xx_hal_uart.o(i.UART_Receive_IT)
    i.UART_SetConfig                         0x08002570   Section        0  stm32f1xx_hal_uart.o(i.UART_SetConfig)
    UART_SetConfig                           0x08002571   Thumb Code   178  stm32f1xx_hal_uart.o(i.UART_SetConfig)
    i.UART_WaitOnFlagUntilTimeout            0x08002628   Section        0  stm32f1xx_hal_uart.o(i.UART_WaitOnFlagUntilTimeout)
    UART_WaitOnFlagUntilTimeout              0x08002629   Thumb Code   100  stm32f1xx_hal_uart.o(i.UART_WaitOnFlagUntilTimeout)
    i.USART2_IRQHandler                      0x0800268c   Section        0  stm32f1xx_it.o(i.USART2_IRQHandler)
    i.UsageFault_Handler                     0x08002698   Section        0  stm32f1xx_it.o(i.UsageFault_Handler)
    i.__0sprintf                             0x0800269c   Section        0  printfa.o(i.__0sprintf)
    i.__0vsprintf                            0x080026c4   Section        0  printfa.o(i.__0vsprintf)
    i.__NVIC_SetPriority                     0x080026e8   Section        0  stm32f1xx_hal_cortex.o(i.__NVIC_SetPriority)
    __NVIC_SetPriority                       0x080026e9   Thumb Code    32  stm32f1xx_hal_cortex.o(i.__NVIC_SetPriority)
    i.__scatterload_copy                     0x08002708   Section       14  handlers.o(i.__scatterload_copy)
    i.__scatterload_null                     0x08002716   Section        2  handlers.o(i.__scatterload_null)
    i.__scatterload_zeroinit                 0x08002718   Section       14  handlers.o(i.__scatterload_zeroinit)
    i._fp_digits                             0x08002728   Section        0  printfa.o(i._fp_digits)
    _fp_digits                               0x08002729   Thumb Code   366  printfa.o(i._fp_digits)
    i._printf_core                           0x080028ac   Section        0  printfa.o(i._printf_core)
    _printf_core                             0x080028ad   Thumb Code  1744  printfa.o(i._printf_core)
    i._printf_post_padding                   0x08002f88   Section        0  printfa.o(i._printf_post_padding)
    _printf_post_padding                     0x08002f89   Thumb Code    36  printfa.o(i._printf_post_padding)
    i._printf_pre_padding                    0x08002fac   Section        0  printfa.o(i._printf_pre_padding)
    _printf_pre_padding                      0x08002fad   Thumb Code    46  printfa.o(i._printf_pre_padding)
    i._sputc                                 0x08002fda   Section        0  printfa.o(i._sputc)
    _sputc                                   0x08002fdb   Thumb Code    10  printfa.o(i._sputc)
    i.lcd16x2_clear                          0x08002fe4   Section        0  lcd16x2.o(i.lcd16x2_clear)
    i.lcd16x2_cursorShow                     0x08002ff8   Section        0  lcd16x2.o(i.lcd16x2_cursorShow)
    i.lcd16x2_enablePulse                    0x08003014   Section        0  lcd16x2.o(i.lcd16x2_enablePulse)
    lcd16x2_enablePulse                      0x08003015   Thumb Code    40  lcd16x2.o(i.lcd16x2_enablePulse)
    i.lcd16x2_init_4bits                     0x08003040   Section        0  lcd16x2.o(i.lcd16x2_init_4bits)
    i.lcd16x2_printf                         0x080030d0   Section        0  lcd16x2.o(i.lcd16x2_printf)
    i.lcd16x2_rs                             0x08003110   Section        0  lcd16x2.o(i.lcd16x2_rs)
    lcd16x2_rs                               0x08003111   Thumb Code    12  lcd16x2.o(i.lcd16x2_rs)
    i.lcd16x2_setCursor                      0x08003120   Section        0  lcd16x2.o(i.lcd16x2_setCursor)
    i.lcd16x2_write                          0x08003138   Section        0  lcd16x2.o(i.lcd16x2_write)
    lcd16x2_write                            0x08003139   Thumb Code   212  lcd16x2.o(i.lcd16x2_write)
    i.lcd16x2_write4                         0x08003210   Section        0  lcd16x2.o(i.lcd16x2_write4)
    lcd16x2_write4                           0x08003211   Thumb Code    68  lcd16x2.o(i.lcd16x2_write4)
    i.lcd16x2_writeCommand                   0x08003258   Section        0  lcd16x2.o(i.lcd16x2_writeCommand)
    lcd16x2_writeCommand                     0x08003259   Thumb Code    20  lcd16x2.o(i.lcd16x2_writeCommand)
    i.main                                   0x0800326c   Section        0  main.o(i.main)
    i.printRadioSettings                     0x080035e0   Section        0  nrf24.o(i.printRadioSettings)
    .constdata                               0x08003db0   Section        8  main.o(.constdata)
    .constdata                               0x08003db8   Section       13  nrf24.o(.constdata)
    RF24_RX_PW_PIPE                          0x08003db8   Data           6  nrf24.o(.constdata)
    NRF24_ADDR_REGS                          0x08003dbe   Data           7  nrf24.o(.constdata)
    .conststring                             0x08003dc8   Section       32  main.o(.conststring)
    .conststring                             0x08003de8   Section      218  nrf24.o(.conststring)
    .data                                    0x20000000   Section       60  main.o(.data)
    .data                                    0x2000003c   Section       12  stm32f1xx_hal.o(.data)
    .data                                    0x20000048   Section       24  nrf24.o(.data)
    ack_payload_available                    0x20000048   Data           1  nrf24.o(.data)
    ack_payload_length                       0x20000049   Data           1  nrf24.o(.data)
    payload_size                             0x2000004a   Data           1  nrf24.o(.data)
    dynamic_payloads_enabled                 0x2000004b   Data           1  nrf24.o(.data)
    p_variant                                0x2000004c   Data           1  nrf24.o(.data)
    wide_band                                0x2000004d   Data           1  nrf24.o(.data)
    nrf24_CSN_PIN                            0x2000004e   Data           2  nrf24.o(.data)
    nrf24_CE_PIN                             0x20000050   Data           2  nrf24.o(.data)
    nrf24_PORT                               0x20000054   Data           4  nrf24.o(.data)
    pipe0_reading_address                    0x20000058   Data           8  nrf24.o(.data)
    .data                                    0x20000060   Section       36  lcd16x2.o(.data)
    is8BitsMode                              0x20000060   Data           1  lcd16x2.o(.data)
    DisplayControl                           0x20000061   Data           1  lcd16x2.o(.data)
    FunctionSet                              0x20000062   Data           1  lcd16x2.o(.data)
    PIN_RS                                   0x20000064   Data           2  lcd16x2.o(.data)
    PIN_E                                    0x20000066   Data           2  lcd16x2.o(.data)
    D0_PIN                                   0x20000068   Data           2  lcd16x2.o(.data)
    D1_PIN                                   0x2000006a   Data           2  lcd16x2.o(.data)
    D2_PIN                                   0x2000006c   Data           2  lcd16x2.o(.data)
    D3_PIN                                   0x2000006e   Data           2  lcd16x2.o(.data)
    D4_PIN                                   0x20000070   Data           2  lcd16x2.o(.data)
    D5_PIN                                   0x20000072   Data           2  lcd16x2.o(.data)
    D6_PIN                                   0x20000074   Data           2  lcd16x2.o(.data)
    D7_PIN                                   0x20000076   Data           2  lcd16x2.o(.data)
    PORT_RS_and_E                            0x20000078   Data           4  lcd16x2.o(.data)
    PORT_LSB                                 0x2000007c   Data           4  lcd16x2.o(.data)
    PORT_MSB                                 0x20000080   Data           4  lcd16x2.o(.data)
    .data                                    0x20000084   Section       20  system_stm32f10x.o(.data)
    .bss                                     0x20000098   Section      184  main.o(.bss)
    .bss                                     0x20000150   Section      152  nrf24.o(.bss)
    nrf24_hspi                               0x20000150   Data          88  nrf24.o(.bss)
    nrf24_huart                              0x200001a8   Data          64  nrf24.o(.bss)
    STACK                                    0x200001e8   Section     1024  startup_stm32f10x_md.o(STACK)

    Global Symbols

    Symbol Name                              Value     Ov Type        Size  Object(Section)

    BuildAttributes$$THM_ISAv4$P$D$K$B$S$PE$A:L22UL41UL21$X:L11$S22US41US21$IEEE1$IW$USESV6$~STKCKD$USESV7$~SHL$OSPACE$ROPI$EBA8$MICROLIB$REQ8$PRES8$EABIv2 0x00000000   Number         0  anon$$obj.o ABSOLUTE
    __ARM_use_no_argv                        0x00000000   Number         0  main.o ABSOLUTE
    _printf_a                                0x00000000   Number         0  stubs.o ABSOLUTE
    _printf_c                                0x00000000   Number         0  stubs.o ABSOLUTE
    _printf_charcount                        0x00000000   Number         0  stubs.o ABSOLUTE
    _printf_d                                0x00000000   Number         0  stubs.o ABSOLUTE
    _printf_e                                0x00000000   Number         0  stubs.o ABSOLUTE
    _printf_f                                0x00000000   Number         0  stubs.o ABSOLUTE
    _printf_flags                            0x00000000   Number         0  stubs.o ABSOLUTE
    _printf_fp_dec                           0x00000000   Number         0  stubs.o ABSOLUTE
    _printf_fp_hex                           0x00000000   Number         0  stubs.o ABSOLUTE
    _printf_g                                0x00000000   Number         0  stubs.o ABSOLUTE
    _printf_i                                0x00000000   Number         0  stubs.o ABSOLUTE
    _printf_int_dec                          0x00000000   Number         0  stubs.o ABSOLUTE
    _printf_l                                0x00000000   Number         0  stubs.o ABSOLUTE
    _printf_lc                               0x00000000   Number         0  stubs.o ABSOLUTE
    _printf_ll                               0x00000000   Number         0  stubs.o ABSOLUTE
    _printf_lld                              0x00000000   Number         0  stubs.o ABSOLUTE
    _printf_lli                              0x00000000   Number         0  stubs.o ABSOLUTE
    _printf_llo                              0x00000000   Number         0  stubs.o ABSOLUTE
    _printf_llu                              0x00000000   Number         0  stubs.o ABSOLUTE
    _printf_llx                              0x00000000   Number         0  stubs.o ABSOLUTE
    _printf_longlong_dec                     0x00000000   Number         0  stubs.o ABSOLUTE
    _printf_longlong_hex                     0x00000000   Number         0  stubs.o ABSOLUTE
    _printf_longlong_oct                     0x00000000   Number         0  stubs.o ABSOLUTE
    _printf_ls                               0x00000000   Number         0  stubs.o ABSOLUTE
    _printf_mbtowc                           0x00000000   Number         0  stubs.o ABSOLUTE
    _printf_n                                0x00000000   Number         0  stubs.o ABSOLUTE
    _printf_o                                0x00000000   Number         0  stubs.o ABSOLUTE
    _printf_p                                0x00000000   Number         0  stubs.o ABSOLUTE
    _printf_percent                          0x00000000   Number         0  stubs.o ABSOLUTE
    _printf_pre_padding                      0x00000000   Number         0  stubs.o ABSOLUTE
    _printf_return_value                     0x00000000   Number         0  stubs.o ABSOLUTE
    _printf_s                                0x00000000   Number         0  stubs.o ABSOLUTE
    _printf_sizespec                         0x00000000   Number         0  stubs.o ABSOLUTE
    _printf_str                              0x00000000   Number         0  stubs.o ABSOLUTE
    _printf_truncate_signed                  0x00000000   Number         0  stubs.o ABSOLUTE
    _printf_truncate_unsigned                0x00000000   Number         0  stubs.o ABSOLUTE
    _printf_u                                0x00000000   Number         0  stubs.o ABSOLUTE
    _printf_wc                               0x00000000   Number         0  stubs.o ABSOLUTE
    _printf_wctomb                           0x00000000   Number         0  stubs.o ABSOLUTE
    _printf_widthprec                        0x00000000   Number         0  stubs.o ABSOLUTE
    _printf_x                                0x00000000   Number         0  stubs.o ABSOLUTE
    __cpp_initialize__aeabi_                  - Undefined Weak Reference
    __cxa_finalize                            - Undefined Weak Reference
    __decompress                              - Undefined Weak Reference
    _clock_init                               - Undefined Weak Reference
    _microlib_exit                            - Undefined Weak Reference
    __Vectors_Size                           0x000000ec   Number         0  startup_stm32f10x_md.o ABSOLUTE
    __Vectors                                0x08000000   Data           4  startup_stm32f10x_md.o(RESET)
    __Vectors_End                            0x080000ec   Data           0  startup_stm32f10x_md.o(RESET)
    __main                                   0x080000ed   Thumb Code     0  entry.o(.ARM.Collect$$$$00000000)
    _main_stk                                0x080000ed   Thumb Code     0  entry2.o(.ARM.Collect$$$$00000001)
    _main_scatterload                        0x080000f1   Thumb Code     0  entry5.o(.ARM.Collect$$$$00000004)
    __main_after_scatterload                 0x080000f5   Thumb Code     0  entry5.o(.ARM.Collect$$$$00000004)
    _main_clock                              0x080000f5   Thumb Code     0  entry7b.o(.ARM.Collect$$$$00000008)
    _main_cpp_init                           0x080000f5   Thumb Code     0  entry8b.o(.ARM.Collect$$$$0000000A)
    _main_init                               0x080000f5   Thumb Code     0  entry9a.o(.ARM.Collect$$$$0000000B)
    __rt_final_cpp                           0x080000fd   Thumb Code     0  entry10a.o(.ARM.Collect$$$$0000000D)
    __rt_final_exit                          0x080000fd   Thumb Code     0  entry11a.o(.ARM.Collect$$$$0000000F)
    Reset_Handler                            0x08000101   Thumb Code     8  startup_stm32f10x_md.o(.text)
    ADC1_2_IRQHandler                        0x0800011b   Thumb Code     0  startup_stm32f10x_md.o(.text)
    CAN1_RX1_IRQHandler                      0x0800011b   Thumb Code     0  startup_stm32f10x_md.o(.text)
    CAN1_SCE_IRQHandler                      0x0800011b   Thumb Code     0  startup_stm32f10x_md.o(.text)
    DMA1_Channel1_IRQHandler                 0x0800011b   Thumb Code     0  startup_stm32f10x_md.o(.text)
    DMA1_Channel2_IRQHandler                 0x0800011b   Thumb Code     0  startup_stm32f10x_md.o(.text)
    DMA1_Channel3_IRQHandler                 0x0800011b   Thumb Code     0  startup_stm32f10x_md.o(.text)
    DMA1_Channel4_IRQHandler                 0x0800011b   Thumb Code     0  startup_stm32f10x_md.o(.text)
    DMA1_Channel5_IRQHandler                 0x0800011b   Thumb Code     0  startup_stm32f10x_md.o(.text)
    DMA1_Channel6_IRQHandler                 0x0800011b   Thumb Code     0  startup_stm32f10x_md.o(.text)
    DMA1_Channel7_IRQHandler                 0x0800011b   Thumb Code     0  startup_stm32f10x_md.o(.text)
    EXTI0_IRQHandler                         0x0800011b   Thumb Code     0  startup_stm32f10x_md.o(.text)
    EXTI15_10_IRQHandler                     0x0800011b   Thumb Code     0  startup_stm32f10x_md.o(.text)
    EXTI1_IRQHandler                         0x0800011b   Thumb Code     0  startup_stm32f10x_md.o(.text)
    EXTI2_IRQHandler                         0x0800011b   Thumb Code     0  startup_stm32f10x_md.o(.text)
    EXTI3_IRQHandler                         0x0800011b   Thumb Code     0  startup_stm32f10x_md.o(.text)
    EXTI4_IRQHandler                         0x0800011b   Thumb Code     0  startup_stm32f10x_md.o(.text)
    EXTI9_5_IRQHandler                       0x0800011b   Thumb Code     0  startup_stm32f10x_md.o(.text)
    FLASH_IRQHandler                         0x0800011b   Thumb Code     0  startup_stm32f10x_md.o(.text)
    I2C1_ER_IRQHandler                       0x0800011b   Thumb Code     0  startup_stm32f10x_md.o(.text)
    I2C1_EV_IRQHandler                       0x0800011b   Thumb Code     0  startup_stm32f10x_md.o(.text)
    I2C2_ER_IRQHandler                       0x0800011b   Thumb Code     0  startup_stm32f10x_md.o(.text)
    I2C2_EV_IRQHandler                       0x0800011b   Thumb Code     0  startup_stm32f10x_md.o(.text)
    PVD_IRQHandler                           0x0800011b   Thumb Code     0  startup_stm32f10x_md.o(.text)
    RCC_IRQHandler                           0x0800011b   Thumb Code     0  startup_stm32f10x_md.o(.text)
    RTCAlarm_IRQHandler                      0x0800011b   Thumb Code     0  startup_stm32f10x_md.o(.text)
    RTC_IRQHandler                           0x0800011b   Thumb Code     0  startup_stm32f10x_md.o(.text)
    SPI1_IRQHandler                          0x0800011b   Thumb Code     0  startup_stm32f10x_md.o(.text)
    SPI2_IRQHandler                          0x0800011b   Thumb Code     0  startup_stm32f10x_md.o(.text)
    TAMPER_IRQHandler                        0x0800011b   Thumb Code     0  startup_stm32f10x_md.o(.text)
    TIM1_BRK_IRQHandler                      0x0800011b   Thumb Code     0  startup_stm32f10x_md.o(.text)
    TIM1_CC_IRQHandler                       0x0800011b   Thumb Code     0  startup_stm32f10x_md.o(.text)
    TIM1_TRG_COM_IRQHandler                  0x0800011b   Thumb Code     0  startup_stm32f10x_md.o(.text)
    TIM1_UP_IRQHandler                       0x0800011b   Thumb Code     0  startup_stm32f10x_md.o(.text)
    TIM2_IRQHandler                          0x0800011b   Thumb Code     0  startup_stm32f10x_md.o(.text)
    TIM3_IRQHandler                          0x0800011b   Thumb Code     0  startup_stm32f10x_md.o(.text)
    TIM4_IRQHandler                          0x0800011b   Thumb Code     0  startup_stm32f10x_md.o(.text)
    USART1_IRQHandler                        0x0800011b   Thumb Code     0  startup_stm32f10x_md.o(.text)
    USART3_IRQHandler                        0x0800011b   Thumb Code     0  startup_stm32f10x_md.o(.text)
    USBWakeUp_IRQHandler                     0x0800011b   Thumb Code     0  startup_stm32f10x_md.o(.text)
    USB_HP_CAN1_TX_IRQHandler                0x0800011b   Thumb Code     0  startup_stm32f10x_md.o(.text)
    USB_LP_CAN1_RX0_IRQHandler               0x0800011b   Thumb Code     0  startup_stm32f10x_md.o(.text)
    WWDG_IRQHandler                          0x0800011b   Thumb Code     0  startup_stm32f10x_md.o(.text)
    __aeabi_llsr                             0x08000125   Thumb Code    32  llushr.o(.text)
    _ll_ushift_r                             0x08000125   Thumb Code     0  llushr.o(.text)
    __aeabi_memcpy                           0x08000145   Thumb Code    36  memcpya.o(.text)
    __aeabi_memcpy4                          0x08000145   Thumb Code     0  memcpya.o(.text)
    __aeabi_memcpy8                          0x08000145   Thumb Code     0  memcpya.o(.text)
    __aeabi_memset                           0x08000169   Thumb Code    14  memseta.o(.text)
    __aeabi_memset4                          0x08000169   Thumb Code     0  memseta.o(.text)
    __aeabi_memset8                          0x08000169   Thumb Code     0  memseta.o(.text)
    __aeabi_memclr                           0x08000177   Thumb Code     4  memseta.o(.text)
    __aeabi_memclr4                          0x08000177   Thumb Code     0  memseta.o(.text)
    __aeabi_memclr8                          0x08000177   Thumb Code     0  memseta.o(.text)
    _memset$wrapper                          0x0800017b   Thumb Code    18  memseta.o(.text)
    strlen                                   0x0800018d   Thumb Code    14  strlen.o(.text)
    __aeabi_uidiv                            0x0800019b   Thumb Code     0  uidiv.o(.text)
    __aeabi_uidivmod                         0x0800019b   Thumb Code    44  uidiv.o(.text)
    __aeabi_uldivmod                         0x080001c7   Thumb Code    98  uldiv.o(.text)
    __I$use$fp                               0x08000229   Thumb Code     0  iusefp.o(.text)
    __aeabi_dadd                             0x08000229   Thumb Code   322  dadd.o(.text)
    __aeabi_dsub                             0x0800036b   Thumb Code     6  dadd.o(.text)
    __aeabi_drsub                            0x08000371   Thumb Code     6  dadd.o(.text)
    __aeabi_dmul                             0x08000377   Thumb Code   228  dmul.o(.text)
    __aeabi_ddiv                             0x0800045b   Thumb Code   222  ddiv.o(.text)
    __aeabi_d2ulz                            0x08000539   Thumb Code    48  dfixul.o(.text)
    __aeabi_cdrcmple                         0x08000569   Thumb Code    48  cdrcmple.o(.text)
    __scatterload                            0x08000599   Thumb Code    28  init.o(.text)
    __scatterload_rt2                        0x08000599   Thumb Code     0  init.o(.text)
    __aeabi_llsl                             0x080005bd   Thumb Code    30  llshl.o(.text)
    _ll_shift_l                              0x080005bd   Thumb Code     0  llshl.o(.text)
    __aeabi_lasr                             0x080005db   Thumb Code    36  llsshr.o(.text)
    _ll_sshift_r                             0x080005db   Thumb Code     0  llsshr.o(.text)
    _double_round                            0x080005ff   Thumb Code    30  depilogue.o(.text)
    _double_epilogue                         0x0800061d   Thumb Code   156  depilogue.o(.text)
    BusFault_Handler                         0x080006b9   Thumb Code     2  stm32f1xx_it.o(i.BusFault_Handler)
    DebugMon_Handler                         0x0800072d   Thumb Code     2  stm32f1xx_it.o(i.DebugMon_Handler)
    HAL_DMA_Abort_IT                         0x08000731   Thumb Code   148  stm32f1xx_hal_dma.o(i.HAL_DMA_Abort_IT)
    HAL_Delay                                0x080007c9   Thumb Code    32  stm32f1xx_hal.o(i.HAL_Delay)
    HAL_GPIO_Init                            0x080007ed   Thumb Code   446  stm32f1xx_hal_gpio.o(i.HAL_GPIO_Init)
    HAL_GPIO_WritePin                        0x080009cd   Thumb Code    10  stm32f1xx_hal_gpio.o(i.HAL_GPIO_WritePin)
    HAL_GetTick                              0x080009d9   Thumb Code     6  stm32f1xx_hal.o(i.HAL_GetTick)
    HAL_IncTick                              0x080009e5   Thumb Code    12  stm32f1xx_hal.o(i.HAL_IncTick)
    HAL_Init                                 0x080009f5   Thumb Code    32  stm32f1xx_hal.o(i.HAL_Init)
    HAL_InitTick                             0x08000a19   Thumb Code    54  stm32f1xx_hal.o(i.HAL_InitTick)
    HAL_MspInit                              0x08000a59   Thumb Code    52  stm32f1xx_hal_msp.o(i.HAL_MspInit)
    HAL_NVIC_EnableIRQ                       0x08000a95   Thumb Code    26  stm32f1xx_hal_cortex.o(i.HAL_NVIC_EnableIRQ)
    HAL_NVIC_SetPriority                     0x08000ab1   Thumb Code    60  stm32f1xx_hal_cortex.o(i.HAL_NVIC_SetPriority)
    HAL_NVIC_SetPriorityGrouping             0x08000af1   Thumb Code    26  stm32f1xx_hal_cortex.o(i.HAL_NVIC_SetPriorityGrouping)
    HAL_RCC_ClockConfig                      0x08000b15   Thumb Code   280  stm32f1xx_hal_rcc.o(i.HAL_RCC_ClockConfig)
    HAL_RCC_GetHCLKFreq                      0x08000c41   Thumb Code     6  stm32f1xx_hal_rcc.o(i.HAL_RCC_GetHCLKFreq)
    HAL_RCC_GetPCLK1Freq                     0x08000c4d   Thumb Code    20  stm32f1xx_hal_rcc.o(i.HAL_RCC_GetPCLK1Freq)
    HAL_RCC_GetPCLK2Freq                     0x08000c6d   Thumb Code    20  stm32f1xx_hal_rcc.o(i.HAL_RCC_GetPCLK2Freq)
    HAL_RCC_GetSysClockFreq                  0x08000c8d   Thumb Code    74  stm32f1xx_hal_rcc.o(i.HAL_RCC_GetSysClockFreq)
    HAL_RCC_OscConfig                        0x08000cf9   Thumb Code   778  stm32f1xx_hal_rcc.o(i.HAL_RCC_OscConfig)
    HAL_SPI_Init                             0x08001019   Thumb Code   178  stm32f1xx_hal_spi.o(i.HAL_SPI_Init)
    HAL_SPI_MspInit                          0x080010cd   Thumb Code    98  stm32f1xx_hal_msp.o(i.HAL_SPI_MspInit)
    HAL_SPI_Receive                          0x0800113d   Thumb Code   346  stm32f1xx_hal_spi.o(i.HAL_SPI_Receive)
    HAL_SPI_Transmit                         0x08001297   Thumb Code   358  stm32f1xx_hal_spi.o(i.HAL_SPI_Transmit)
    HAL_SPI_TransmitReceive                  0x080013fd   Thumb Code   482  stm32f1xx_hal_spi.o(i.HAL_SPI_TransmitReceive)
    HAL_SYSTICK_Config                       0x080015df   Thumb Code    40  stm32f1xx_hal_cortex.o(i.HAL_SYSTICK_Config)
    HAL_UART_ErrorCallback                   0x08001607   Thumb Code     2  stm32f1xx_hal_uart.o(i.HAL_UART_ErrorCallback)
    HAL_UART_IRQHandler                      0x08001609   Thumb Code   344  stm32f1xx_hal_uart.o(i.HAL_UART_IRQHandler)
    HAL_UART_Init                            0x08001765   Thumb Code    98  stm32f1xx_hal_uart.o(i.HAL_UART_Init)
    HAL_UART_MspInit                         0x080017c9   Thumb Code   114  stm32f1xx_hal_msp.o(i.HAL_UART_MspInit)
    HAL_UART_Receive                         0x08001849   Thumb Code   188  stm32f1xx_hal_uart.o(i.HAL_UART_Receive)
    HAL_UART_RxCpltCallback                  0x08001905   Thumb Code     2  stm32f1xx_hal_uart.o(i.HAL_UART_RxCpltCallback)
    HAL_UART_Transmit                        0x08001909   Thumb Code   178  stm32f1xx_hal_uart.o(i.HAL_UART_Transmit)
    HAL_UART_TxCpltCallback                  0x080019bb   Thumb Code     2  stm32f1xx_hal_uart.o(i.HAL_UART_TxCpltCallback)
    HardFault_Handler                        0x080019bd   Thumb Code     2  stm32f1xx_it.o(i.HardFault_Handler)
    MemManage_Handler                        0x08001ac9   Thumb Code     2  stm32f1xx_it.o(i.MemManage_Handler)
    NMI_Handler                              0x08001acb   Thumb Code     2  stm32f1xx_it.o(i.NMI_Handler)
    NRF24_ACTIVATE_cmd                       0x08001acd   Thumb Code    40  nrf24.o(i.NRF24_ACTIVATE_cmd)
    NRF24_DelayMicroSeconds                  0x08001af9   Thumb Code    18  nrf24.o(i.NRF24_DelayMicroSeconds)
    NRF24_available                          0x08001b15   Thumb Code     6  nrf24.o(i.NRF24_available)
    NRF24_availablePipe                      0x08001b1b   Thumb Code    48  nrf24.o(i.NRF24_availablePipe)
    NRF24_begin                              0x08001b4d   Thumb Code   388  nrf24.o(i.NRF24_begin)
    NRF24_ce                                 0x08001cd9   Thumb Code    16  nrf24.o(i.NRF24_ce)
    NRF24_csn                                0x08001ced   Thumb Code    16  nrf24.o(i.NRF24_csn)
    NRF24_disableDynamicPayloads             0x08001d01   Thumb Code    34  nrf24.o(i.NRF24_disableDynamicPayloads)
    NRF24_flush_rx                           0x08001d29   Thumb Code     8  nrf24.o(i.NRF24_flush_rx)
    NRF24_flush_tx                           0x08001d31   Thumb Code     8  nrf24.o(i.NRF24_flush_tx)
    NRF24_getDynamicPayloadSize              0x08001d39   Thumb Code     6  nrf24.o(i.NRF24_getDynamicPayloadSize)
    NRF24_get_status                         0x08001d3f   Thumb Code     6  nrf24.o(i.NRF24_get_status)
    NRF24_openReadingPipe                    0x08001d45   Thumb Code    78  nrf24.o(i.NRF24_openReadingPipe)
    NRF24_openWritingPipe                    0x08001d9d   Thumb Code    40  nrf24.o(i.NRF24_openWritingPipe)
    NRF24_powerDown                          0x08001dc9   Thumb Code    22  nrf24.o(i.NRF24_powerDown)
    NRF24_read                               0x08001ddf   Thumb Code    36  nrf24.o(i.NRF24_read)
    NRF24_read_payload                       0x08001e05   Thumb Code    58  nrf24.o(i.NRF24_read_payload)
    NRF24_read_register                      0x08001e49   Thumb Code    58  nrf24.o(i.NRF24_read_register)
    NRF24_read_registerN                     0x08001e89   Thumb Code    54  nrf24.o(i.NRF24_read_registerN)
    NRF24_resetStatus                        0x08001ec5   Thumb Code     8  nrf24.o(i.NRF24_resetStatus)
    NRF24_setAutoAck                         0x08001ecd   Thumb Code    14  nrf24.o(i.NRF24_setAutoAck)
    NRF24_setCRCLength                       0x08001edb   Thumb Code    40  nrf24.o(i.NRF24_setCRCLength)
    NRF24_setChannel                         0x08001f03   Thumb Code    14  nrf24.o(i.NRF24_setChannel)
    NRF24_setDataRate                        0x08001f11   Thumb Code    86  nrf24.o(i.NRF24_setDataRate)
    NRF24_setPALevel                         0x08001f6d   Thumb Code    60  nrf24.o(i.NRF24_setPALevel)
    NRF24_setPayloadSize                     0x08001fa9   Thumb Code    12  nrf24.o(i.NRF24_setPayloadSize)
    NRF24_setRetries                         0x08001fb9   Thumb Code    14  nrf24.o(i.NRF24_setRetries)
    NRF24_startListening                     0x08001fc9   Thumb Code    64  nrf24.o(i.NRF24_startListening)
    NRF24_startWrite                         0x0800200d   Thumb Code    74  nrf24.o(i.NRF24_startWrite)
    NRF24_stopListening                      0x08002057   Thumb Code    20  nrf24.o(i.NRF24_stopListening)
    NRF24_whatHappened                       0x0800206b   Thumb Code    50  nrf24.o(i.NRF24_whatHappened)
    NRF24_write                              0x0800209d   Thumb Code    94  nrf24.o(i.NRF24_write)
    NRF24_write_payload                      0x08002101   Thumb Code    50  nrf24.o(i.NRF24_write_payload)
    NRF24_write_register                     0x08002139   Thumb Code    44  nrf24.o(i.NRF24_write_register)
    NRF24_write_registerN                    0x08002169   Thumb Code    54  nrf24.o(i.NRF24_write_registerN)
    PendSV_Handler                           0x080021a5   Thumb Code     2  stm32f1xx_it.o(i.PendSV_Handler)
    SVC_Handler                              0x080022dd   Thumb Code     2  stm32f1xx_it.o(i.SVC_Handler)
    Setup                                    0x08002389   Thumb Code   120  main.o(i.Setup)
    Setup_NRF24_Address                      0x08002409   Thumb Code    28  main.o(i.Setup_NRF24_Address)
    SysTick_Handler                          0x08002425   Thumb Code     4  stm32f1xx_it.o(i.SysTick_Handler)
    SystemClock_Config                       0x08002429   Thumb Code    62  main.o(i.SystemClock_Config)
    SystemInit                               0x08002469   Thumb Code    64  system_stm32f10x.o(i.SystemInit)
    USART2_IRQHandler                        0x0800268d   Thumb Code     6  stm32f1xx_it.o(i.USART2_IRQHandler)
    UsageFault_Handler                       0x08002699   Thumb Code     2  stm32f1xx_it.o(i.UsageFault_Handler)
    __0sprintf                               0x0800269d   Thumb Code    34  printfa.o(i.__0sprintf)
    __1sprintf                               0x0800269d   Thumb Code     0  printfa.o(i.__0sprintf)
    __2sprintf                               0x0800269d   Thumb Code     0  printfa.o(i.__0sprintf)
    __c89sprintf                             0x0800269d   Thumb Code     0  printfa.o(i.__0sprintf)
    sprintf                                  0x0800269d   Thumb Code     0  printfa.o(i.__0sprintf)
    __0vsprintf                              0x080026c5   Thumb Code    30  printfa.o(i.__0vsprintf)
    __1vsprintf                              0x080026c5   Thumb Code     0  printfa.o(i.__0vsprintf)
    __2vsprintf                              0x080026c5   Thumb Code     0  printfa.o(i.__0vsprintf)
    __c89vsprintf                            0x080026c5   Thumb Code     0  printfa.o(i.__0vsprintf)
    vsprintf                                 0x080026c5   Thumb Code     0  printfa.o(i.__0vsprintf)
    __scatterload_copy                       0x08002709   Thumb Code    14  handlers.o(i.__scatterload_copy)
    __scatterload_null                       0x08002717   Thumb Code     2  handlers.o(i.__scatterload_null)
    __scatterload_zeroinit                   0x08002719   Thumb Code    14  handlers.o(i.__scatterload_zeroinit)
    lcd16x2_clear                            0x08002fe5   Thumb Code    18  lcd16x2.o(i.lcd16x2_clear)
    lcd16x2_cursorShow                       0x08002ff9   Thumb Code    22  lcd16x2.o(i.lcd16x2_cursorShow)
    lcd16x2_init_4bits                       0x08003041   Thumb Code   138  lcd16x2.o(i.lcd16x2_init_4bits)
    lcd16x2_printf                           0x080030d1   Thumb Code    62  lcd16x2.o(i.lcd16x2_printf)
    lcd16x2_setCursor                        0x08003121   Thumb Code    22  lcd16x2.o(i.lcd16x2_setCursor)
    main                                     0x0800326d   Thumb Code   860  main.o(i.main)
    printRadioSettings                       0x080035e1   Thumb Code  1890  nrf24.o(i.printRadioSettings)
    APBPrescTable                            0x08003db0   Data           8  main.o(.constdata)
    Region$$Table$$Base                      0x08003ec4   Number         0  anon$$obj.o(Region$$Table)
    Region$$Table$$Limit                     0x08003ee4   Number         0  anon$$obj.o(Region$$Table)
    Bluetooth_Rx_data                        0x20000000   Data           2  main.o(.data)
    mess                                     0x20000004   Data           4  main.o(.data)
    state                                    0x20000008   Data           8  main.o(.data)
    TxpipeAddrs                              0x20000010   Data          32  main.o(.data)
    lcd_Node                                 0x20000030   Data          12  main.o(.data)
    uwTickFreq                               0x2000003c   Data           1  stm32f1xx_hal.o(.data)
    uwTickPrio                               0x20000040   Data           4  stm32f1xx_hal.o(.data)
    uwTick                                   0x20000044   Data           4  stm32f1xx_hal.o(.data)
    SystemCoreClock                          0x20000084   Data           4  system_stm32f10x.o(.data)
    AHBPrescTable                            0x20000088   Data          16  system_stm32f10x.o(.data)
    feedback                                 0x20000098   Data          32  main.o(.bss)
    hspi1                                    0x200000b8   Data          88  main.o(.bss)
    huart2                                   0x20000110   Data          64  main.o(.bss)
    __initial_sp                             0x200005e8   Data           0  startup_stm32f10x_md.o(STACK)



==============================================================================

Memory Map of the image

  Image Entry point : 0x080000ed

  Load Region LR_IROM1 (Base: 0x08000000, Size: 0x00003f7c, Max: 0x00010000, ABSOLUTE)

    Execution Region ER_IROM1 (Exec base: 0x08000000, Load base: 0x08000000, Size: 0x00003ee4, Max: 0x00010000, ABSOLUTE)

    Exec Addr    Load Addr    Size         Type   Attr      Idx    E Section Name        Object

    0x08000000   0x08000000   0x000000ec   Data   RO         2565    RESET               startup_stm32f10x_md.o
    0x080000ec   0x080000ec   0x00000000   Code   RO         2621  * .ARM.Collect$$$$00000000  mc_w.l(entry.o)
    0x080000ec   0x080000ec   0x00000004   Code   RO         2895    .ARM.Collect$$$$00000001  mc_w.l(entry2.o)
    0x080000f0   0x080000f0   0x00000004   Code   RO         2898    .ARM.Collect$$$$00000004  mc_w.l(entry5.o)
    0x080000f4   0x080000f4   0x00000000   Code   RO         2900    .ARM.Collect$$$$00000008  mc_w.l(entry7b.o)
    0x080000f4   0x080000f4   0x00000000   Code   RO         2902    .ARM.Collect$$$$0000000A  mc_w.l(entry8b.o)
    0x080000f4   0x080000f4   0x00000008   Code   RO         2903    .ARM.Collect$$$$0000000B  mc_w.l(entry9a.o)
    0x080000fc   0x080000fc   0x00000000   Code   RO         2905    .ARM.Collect$$$$0000000D  mc_w.l(entry10a.o)
    0x080000fc   0x080000fc   0x00000000   Code   RO         2907    .ARM.Collect$$$$0000000F  mc_w.l(entry11a.o)
    0x080000fc   0x080000fc   0x00000004   Code   RO         2896    .ARM.Collect$$$$00002712  mc_w.l(entry2.o)
    0x08000100   0x08000100   0x00000024   Code   RO         2566    .text               startup_stm32f10x_md.o
    0x08000124   0x08000124   0x00000020   Code   RO         2624    .text               mc_w.l(llushr.o)
    0x08000144   0x08000144   0x00000024   Code   RO         2626    .text               mc_w.l(memcpya.o)
    0x08000168   0x08000168   0x00000024   Code   RO         2628    .text               mc_w.l(memseta.o)
    0x0800018c   0x0800018c   0x0000000e   Code   RO         2630    .text               mc_w.l(strlen.o)
    0x0800019a   0x0800019a   0x0000002c   Code   RO         2912    .text               mc_w.l(uidiv.o)
    0x080001c6   0x080001c6   0x00000062   Code   RO         2914    .text               mc_w.l(uldiv.o)
    0x08000228   0x08000228   0x00000000   Code   RO         2916    .text               mc_w.l(iusefp.o)
    0x08000228   0x08000228   0x0000014e   Code   RO         2917    .text               mf_w.l(dadd.o)
    0x08000376   0x08000376   0x000000e4   Code   RO         2919    .text               mf_w.l(dmul.o)
    0x0800045a   0x0800045a   0x000000de   Code   RO         2921    .text               mf_w.l(ddiv.o)
    0x08000538   0x08000538   0x00000030   Code   RO         2923    .text               mf_w.l(dfixul.o)
    0x08000568   0x08000568   0x00000030   Code   RO         2925    .text               mf_w.l(cdrcmple.o)
    0x08000598   0x08000598   0x00000024   Code   RO         2927    .text               mc_w.l(init.o)
    0x080005bc   0x080005bc   0x0000001e   Code   RO         2930    .text               mc_w.l(llshl.o)
    0x080005da   0x080005da   0x00000024   Code   RO         2932    .text               mc_w.l(llsshr.o)
    0x080005fe   0x080005fe   0x000000ba   Code   RO         2935    .text               mf_w.l(depilogue.o)
    0x080006b8   0x080006b8   0x00000002   Code   RO          177    i.BusFault_Handler  stm32f1xx_it.o
    0x080006ba   0x080006ba   0x00000002   PAD
    0x080006bc   0x080006bc   0x00000044   Code   RO         2426    i.DWT_Delay_Init    lcd16x2.o
    0x08000700   0x08000700   0x0000002c   Code   RO         2427    i.DWT_Delay_us      lcd16x2.o
    0x0800072c   0x0800072c   0x00000002   Code   RO          178    i.DebugMon_Handler  stm32f1xx_it.o
    0x0800072e   0x0800072e   0x00000002   PAD
    0x08000730   0x08000730   0x00000098   Code   RO         1124    i.HAL_DMA_Abort_IT  stm32f1xx_hal_dma.o
    0x080007c8   0x080007c8   0x00000024   Code   RO          751    i.HAL_Delay         stm32f1xx_hal.o
    0x080007ec   0x080007ec   0x000001e0   Code   RO         1059    i.HAL_GPIO_Init     stm32f1xx_hal_gpio.o
    0x080009cc   0x080009cc   0x0000000a   Code   RO         1063    i.HAL_GPIO_WritePin  stm32f1xx_hal_gpio.o
    0x080009d6   0x080009d6   0x00000002   PAD
    0x080009d8   0x080009d8   0x0000000c   Code   RO          755    i.HAL_GetTick       stm32f1xx_hal.o
    0x080009e4   0x080009e4   0x00000010   Code   RO          761    i.HAL_IncTick       stm32f1xx_hal.o
    0x080009f4   0x080009f4   0x00000024   Code   RO          762    i.HAL_Init          stm32f1xx_hal.o
    0x08000a18   0x08000a18   0x00000040   Code   RO          763    i.HAL_InitTick      stm32f1xx_hal.o
    0x08000a58   0x08000a58   0x0000003c   Code   RO          263    i.HAL_MspInit       stm32f1xx_hal_msp.o
    0x08000a94   0x08000a94   0x0000001a   Code   RO         1219    i.HAL_NVIC_EnableIRQ  stm32f1xx_hal_cortex.o
    0x08000aae   0x08000aae   0x00000002   PAD
    0x08000ab0   0x08000ab0   0x00000040   Code   RO         1225    i.HAL_NVIC_SetPriority  stm32f1xx_hal_cortex.o
    0x08000af0   0x08000af0   0x00000024   Code   RO         1226    i.HAL_NVIC_SetPriorityGrouping  stm32f1xx_hal_cortex.o
    0x08000b14   0x08000b14   0x0000012c   Code   RO          919    i.HAL_RCC_ClockConfig  stm32f1xx_hal_rcc.o
    0x08000c40   0x08000c40   0x0000000c   Code   RO          924    i.HAL_RCC_GetHCLKFreq  stm32f1xx_hal_rcc.o
    0x08000c4c   0x08000c4c   0x00000020   Code   RO          926    i.HAL_RCC_GetPCLK1Freq  stm32f1xx_hal_rcc.o
    0x08000c6c   0x08000c6c   0x00000020   Code   RO          927    i.HAL_RCC_GetPCLK2Freq  stm32f1xx_hal_rcc.o
    0x08000c8c   0x08000c8c   0x0000006c   Code   RO          928    i.HAL_RCC_GetSysClockFreq  stm32f1xx_hal_rcc.o
    0x08000cf8   0x08000cf8   0x00000320   Code   RO          931    i.HAL_RCC_OscConfig  stm32f1xx_hal_rcc.o
    0x08001018   0x08001018   0x000000b2   Code   RO          433    i.HAL_SPI_Init      stm32f1xx_hal_spi.o
    0x080010ca   0x080010ca   0x00000002   PAD
    0x080010cc   0x080010cc   0x00000070   Code   RO          265    i.HAL_SPI_MspInit   stm32f1xx_hal_msp.o
    0x0800113c   0x0800113c   0x0000015a   Code   RO          436    i.HAL_SPI_Receive   stm32f1xx_hal_spi.o
    0x08001296   0x08001296   0x00000166   Code   RO          441    i.HAL_SPI_Transmit  stm32f1xx_hal_spi.o
    0x080013fc   0x080013fc   0x000001e2   Code   RO          442    i.HAL_SPI_TransmitReceive  stm32f1xx_hal_spi.o
    0x080015de   0x080015de   0x00000028   Code   RO         1230    i.HAL_SYSTICK_Config  stm32f1xx_hal_cortex.o
    0x08001606   0x08001606   0x00000002   Code   RO         1776    i.HAL_UART_ErrorCallback  stm32f1xx_hal_uart.o
    0x08001608   0x08001608   0x0000015c   Code   RO         1779    i.HAL_UART_IRQHandler  stm32f1xx_hal_uart.o
    0x08001764   0x08001764   0x00000062   Code   RO         1780    i.HAL_UART_Init     stm32f1xx_hal_uart.o
    0x080017c6   0x080017c6   0x00000002   PAD
    0x080017c8   0x080017c8   0x00000080   Code   RO          267    i.HAL_UART_MspInit  stm32f1xx_hal_msp.o
    0x08001848   0x08001848   0x000000bc   Code   RO         1783    i.HAL_UART_Receive  stm32f1xx_hal_uart.o
    0x08001904   0x08001904   0x00000002   Code   RO         1786    i.HAL_UART_RxCpltCallback  stm32f1xx_hal_uart.o
    0x08001906   0x08001906   0x00000002   PAD
    0x08001908   0x08001908   0x000000b2   Code   RO         1788    i.HAL_UART_Transmit  stm32f1xx_hal_uart.o
    0x080019ba   0x080019ba   0x00000002   Code   RO         1791    i.HAL_UART_TxCpltCallback  stm32f1xx_hal_uart.o
    0x080019bc   0x080019bc   0x00000002   Code   RO          179    i.HardFault_Handler  stm32f1xx_it.o
    0x080019be   0x080019be   0x00000002   PAD
    0x080019c0   0x080019c0   0x000000d4   Code   RO            5    i.MX_GPIO_Init      main.o
    0x08001a94   0x08001a94   0x00000034   Code   RO            6    i.MX_SPI1_Init      main.o
    0x08001ac8   0x08001ac8   0x00000002   Code   RO          180    i.MemManage_Handler  stm32f1xx_it.o
    0x08001aca   0x08001aca   0x00000002   Code   RO          181    i.NMI_Handler       stm32f1xx_it.o
    0x08001acc   0x08001acc   0x0000002c   Code   RO         2076    i.NRF24_ACTIVATE_cmd  nrf24.o
    0x08001af8   0x08001af8   0x0000001c   Code   RO         2077    i.NRF24_DelayMicroSeconds  nrf24.o
    0x08001b14   0x08001b14   0x00000006   Code   RO         2079    i.NRF24_available   nrf24.o
    0x08001b1a   0x08001b1a   0x00000030   Code   RO         2080    i.NRF24_availablePipe  nrf24.o
    0x08001b4a   0x08001b4a   0x00000002   PAD
    0x08001b4c   0x08001b4c   0x0000018c   Code   RO         2081    i.NRF24_begin       nrf24.o
    0x08001cd8   0x08001cd8   0x00000014   Code   RO         2082    i.NRF24_ce          nrf24.o
    0x08001cec   0x08001cec   0x00000014   Code   RO         2083    i.NRF24_csn         nrf24.o
    0x08001d00   0x08001d00   0x00000028   Code   RO         2085    i.NRF24_disableDynamicPayloads  nrf24.o
    0x08001d28   0x08001d28   0x00000008   Code   RO         2088    i.NRF24_flush_rx    nrf24.o
    0x08001d30   0x08001d30   0x00000008   Code   RO         2089    i.NRF24_flush_tx    nrf24.o
    0x08001d38   0x08001d38   0x00000006   Code   RO         2092    i.NRF24_getDynamicPayloadSize  nrf24.o
    0x08001d3e   0x08001d3e   0x00000006   Code   RO         2095    i.NRF24_get_status  nrf24.o
    0x08001d44   0x08001d44   0x00000058   Code   RO         2098    i.NRF24_openReadingPipe  nrf24.o
    0x08001d9c   0x08001d9c   0x0000002c   Code   RO         2099    i.NRF24_openWritingPipe  nrf24.o
    0x08001dc8   0x08001dc8   0x00000016   Code   RO         2100    i.NRF24_powerDown   nrf24.o
    0x08001dde   0x08001dde   0x00000024   Code   RO         2102    i.NRF24_read        nrf24.o
    0x08001e02   0x08001e02   0x00000002   PAD
    0x08001e04   0x08001e04   0x00000044   Code   RO         2103    i.NRF24_read_payload  nrf24.o
    0x08001e48   0x08001e48   0x00000040   Code   RO         2104    i.NRF24_read_register  nrf24.o
    0x08001e88   0x08001e88   0x0000003c   Code   RO         2105    i.NRF24_read_registerN  nrf24.o
    0x08001ec4   0x08001ec4   0x00000008   Code   RO         2106    i.NRF24_resetStatus  nrf24.o
    0x08001ecc   0x08001ecc   0x0000000e   Code   RO         2107    i.NRF24_setAutoAck  nrf24.o
    0x08001eda   0x08001eda   0x00000028   Code   RO         2109    i.NRF24_setCRCLength  nrf24.o
    0x08001f02   0x08001f02   0x0000000e   Code   RO         2110    i.NRF24_setChannel  nrf24.o
    0x08001f10   0x08001f10   0x0000005c   Code   RO         2111    i.NRF24_setDataRate  nrf24.o
    0x08001f6c   0x08001f6c   0x0000003c   Code   RO         2112    i.NRF24_setPALevel  nrf24.o
    0x08001fa8   0x08001fa8   0x00000010   Code   RO         2113    i.NRF24_setPayloadSize  nrf24.o
    0x08001fb8   0x08001fb8   0x0000000e   Code   RO         2114    i.NRF24_setRetries  nrf24.o
    0x08001fc6   0x08001fc6   0x00000002   PAD
    0x08001fc8   0x08001fc8   0x00000044   Code   RO         2115    i.NRF24_startListening  nrf24.o
    0x0800200c   0x0800200c   0x0000004a   Code   RO         2116    i.NRF24_startWrite  nrf24.o
    0x08002056   0x08002056   0x00000014   Code   RO         2117    i.NRF24_stopListening  nrf24.o
    0x0800206a   0x0800206a   0x00000032   Code   RO         2120    i.NRF24_whatHappened  nrf24.o
    0x0800209c   0x0800209c   0x00000064   Code   RO         2121    i.NRF24_write       nrf24.o
    0x08002100   0x08002100   0x00000038   Code   RO         2123    i.NRF24_write_payload  nrf24.o
    0x08002138   0x08002138   0x00000030   Code   RO         2124    i.NRF24_write_register  nrf24.o
    0x08002168   0x08002168   0x0000003c   Code   RO         2125    i.NRF24_write_registerN  nrf24.o
    0x080021a4   0x080021a4   0x00000002   Code   RO          182    i.PendSV_Handler    stm32f1xx_it.o
    0x080021a6   0x080021a6   0x0000005c   Code   RO          470    i.SPI_EndRxTransaction  stm32f1xx_hal_spi.o
    0x08002202   0x08002202   0x00000020   Code   RO          471    i.SPI_EndRxTxTransaction  stm32f1xx_hal_spi.o
    0x08002222   0x08002222   0x00000002   PAD
    0x08002224   0x08002224   0x000000b8   Code   RO          476    i.SPI_WaitFlagStateUntilTimeout  stm32f1xx_hal_spi.o
    0x080022dc   0x080022dc   0x00000002   Code   RO          183    i.SVC_Handler       stm32f1xx_it.o
    0x080022de   0x080022de   0x00000002   PAD
    0x080022e0   0x080022e0   0x000000a8   Code   RO         2573    i.SetSysClockTo72   system_stm32f10x.o
    0x08002388   0x08002388   0x00000080   Code   RO            7    i.Setup             main.o
    0x08002408   0x08002408   0x0000001c   Code   RO            8    i.Setup_NRF24_Address  main.o
    0x08002424   0x08002424   0x00000004   Code   RO          184    i.SysTick_Handler   stm32f1xx_it.o
    0x08002428   0x08002428   0x0000003e   Code   RO            9    i.SystemClock_Config  main.o
    0x08002466   0x08002466   0x00000002   PAD
    0x08002468   0x08002468   0x00000050   Code   RO         2575    i.SystemInit        system_stm32f10x.o
    0x080024b8   0x080024b8   0x00000010   Code   RO         1793    i.UART_DMAAbortOnError  stm32f1xx_hal_uart.o
    0x080024c8   0x080024c8   0x0000001c   Code   RO         1803    i.UART_EndRxTransfer  stm32f1xx_hal_uart.o
    0x080024e4   0x080024e4   0x0000008c   Code   RO         1805    i.UART_Receive_IT   stm32f1xx_hal_uart.o
    0x08002570   0x08002570   0x000000b8   Code   RO         1806    i.UART_SetConfig    stm32f1xx_hal_uart.o
    0x08002628   0x08002628   0x00000064   Code   RO         1807    i.UART_WaitOnFlagUntilTimeout  stm32f1xx_hal_uart.o
    0x0800268c   0x0800268c   0x0000000c   Code   RO          185    i.USART2_IRQHandler  stm32f1xx_it.o
    0x08002698   0x08002698   0x00000002   Code   RO          186    i.UsageFault_Handler  stm32f1xx_it.o
    0x0800269a   0x0800269a   0x00000002   PAD
    0x0800269c   0x0800269c   0x00000028   Code   RO         2869    i.__0sprintf        mc_w.l(printfa.o)
    0x080026c4   0x080026c4   0x00000024   Code   RO         2873    i.__0vsprintf       mc_w.l(printfa.o)
    0x080026e8   0x080026e8   0x00000020   Code   RO         1232    i.__NVIC_SetPriority  stm32f1xx_hal_cortex.o
    0x08002708   0x08002708   0x0000000e   Code   RO         2939    i.__scatterload_copy  mc_w.l(handlers.o)
    0x08002716   0x08002716   0x00000002   Code   RO         2940    i.__scatterload_null  mc_w.l(handlers.o)
    0x08002718   0x08002718   0x0000000e   Code   RO         2941    i.__scatterload_zeroinit  mc_w.l(handlers.o)
    0x08002726   0x08002726   0x00000002   PAD
    0x08002728   0x08002728   0x00000184   Code   RO         2874    i._fp_digits        mc_w.l(printfa.o)
    0x080028ac   0x080028ac   0x000006dc   Code   RO         2875    i._printf_core      mc_w.l(printfa.o)
    0x08002f88   0x08002f88   0x00000024   Code   RO         2876    i._printf_post_padding  mc_w.l(printfa.o)
    0x08002fac   0x08002fac   0x0000002e   Code   RO         2877    i._printf_pre_padding  mc_w.l(printfa.o)
    0x08002fda   0x08002fda   0x0000000a   Code   RO         2879    i._sputc            mc_w.l(printfa.o)
    0x08002fe4   0x08002fe4   0x00000012   Code   RO         2430    i.lcd16x2_clear     lcd16x2.o
    0x08002ff6   0x08002ff6   0x00000002   PAD
    0x08002ff8   0x08002ff8   0x0000001c   Code   RO         2431    i.lcd16x2_cursorShow  lcd16x2.o
    0x08003014   0x08003014   0x0000002c   Code   RO         2433    i.lcd16x2_enablePulse  lcd16x2.o
    0x08003040   0x08003040   0x00000090   Code   RO         2434    i.lcd16x2_init_4bits  lcd16x2.o
    0x080030d0   0x080030d0   0x0000003e   Code   RO         2437    i.lcd16x2_printf    lcd16x2.o
    0x0800310e   0x0800310e   0x00000002   PAD
    0x08003110   0x08003110   0x00000010   Code   RO         2438    i.lcd16x2_rs        lcd16x2.o
    0x08003120   0x08003120   0x00000016   Code   RO         2439    i.lcd16x2_setCursor  lcd16x2.o
    0x08003136   0x08003136   0x00000002   PAD
    0x08003138   0x08003138   0x000000d8   Code   RO         2443    i.lcd16x2_write     lcd16x2.o
    0x08003210   0x08003210   0x00000048   Code   RO         2444    i.lcd16x2_write4    lcd16x2.o
    0x08003258   0x08003258   0x00000014   Code   RO         2445    i.lcd16x2_writeCommand  lcd16x2.o
    0x0800326c   0x0800326c   0x00000374   Code   RO           10    i.main              main.o
    0x080035e0   0x080035e0   0x000007d0   Code   RO         2131    i.printRadioSettings  nrf24.o
    0x08003db0   0x08003db0   0x00000008   Data   RO           13    .constdata          main.o
    0x08003db8   0x08003db8   0x0000000d   Data   RO         2134    .constdata          nrf24.o
    0x08003dc5   0x08003dc5   0x00000003   PAD
    0x08003dc8   0x08003dc8   0x00000020   Data   RO           14    .conststring        main.o
    0x08003de8   0x08003de8   0x000000da   Data   RO         2135    .conststring        nrf24.o
    0x08003ec2   0x08003ec2   0x00000002   PAD
    0x08003ec4   0x08003ec4   0x00000020   Data   RO         2937    Region$$Table       anon$$obj.o


    Execution Region RW_IRAM1 (Exec base: 0x20000000, Load base: 0x08003ee4, Size: 0x000005e8, Max: 0x00005000, ABSOLUTE)

    Exec Addr    Load Addr    Size         Type   Attr      Idx    E Section Name        Object

    0x20000000   0x08003ee4   0x0000003c   Data   RW           15    .data               main.o
    0x2000003c   0x08003f20   0x0000000c   Data   RW          769    .data               stm32f1xx_hal.o
    0x20000048   0x08003f2c   0x00000018   Data   RW         2136    .data               nrf24.o
    0x20000060   0x08003f44   0x00000024   Data   RW         2446    .data               lcd16x2.o
    0x20000084   0x08003f68   0x00000014   Data   RW         2576    .data               system_stm32f10x.o
    0x20000098        -       0x000000b8   Zero   RW           12    .bss                main.o
    0x20000150        -       0x00000098   Zero   RW         2133    .bss                nrf24.o
    0x200001e8        -       0x00000400   Zero   RW         2563    STACK               startup_stm32f10x_md.o


==============================================================================

Image component sizes


      Code (inc. data)   RO Data    RW Data    ZI Data      Debug   Object Name

       754         48          0         36          0      10147   lcd16x2.o
      1366         62         40         60        184     402718   main.o
      3746       1006        231         24        152      27031   nrf24.o
        36          8        236          0       1024        876   startup_stm32f10x_md.o
       164         28          0         12          0       6325   stm32f1xx_hal.o
       198         14          0          0          0      29259   stm32f1xx_hal_cortex.o
       152          4          0          0          0       1207   stm32f1xx_hal_dma.o
       490         34          0          0          0       3048   stm32f1xx_hal_gpio.o
         0          0          0          0          0     394416   stm32f1xx_hal_gpio_ex.o
       300         36          0          0          0       2467   stm32f1xx_hal_msp.o
      1284        106          0          0          0       6008   stm32f1xx_hal_rcc.o
      1672          4          0          0          0       8570   stm32f1xx_hal_spi.o
      1286         10          0          0          0      10610   stm32f1xx_hal_uart.o
        32          6          0          0          0       4818   stm32f1xx_it.o
       248         24          0         20          0       2165   system_stm32f10x.o

    ----------------------------------------------------------------------
     11764       1390        544        152       1360     909665   Object Totals
         0          0         32          0          0          0   (incl. Generated)
        36          0          5          0          0          0   (incl. Padding)

    ----------------------------------------------------------------------

      Code (inc. data)   RO Data    RW Data    ZI Data      Debug   Library Member Name

         0          0          0          0          0          0   entry.o
         0          0          0          0          0          0   entry10a.o
         0          0          0          0          0          0   entry11a.o
         8          4          0          0          0          0   entry2.o
         4          0          0          0          0          0   entry5.o
         0          0          0          0          0          0   entry7b.o
         0          0          0          0          0          0   entry8b.o
         8          4          0          0          0          0   entry9a.o
        30          0          0          0          0          0   handlers.o
        36          8          0          0          0         68   init.o
         0          0          0          0          0          0   iusefp.o
        30          0          0          0          0         68   llshl.o
        36          0          0          0          0         68   llsshr.o
        32          0          0          0          0         68   llushr.o
        36          0          0          0          0         68   memcpya.o
        36          0          0          0          0        108   memseta.o
      2312         92          0          0          0        600   printfa.o
        14          0          0          0          0         68   strlen.o
        44          0          0          0          0         80   uidiv.o
        98          0          0          0          0         92   uldiv.o
        48          0          0          0          0         68   cdrcmple.o
       334          0          0          0          0        148   dadd.o
       222          0          0          0          0        100   ddiv.o
       186          0          0          0          0        176   depilogue.o
        48          0          0          0          0         68   dfixul.o
       228          0          0          0          0         96   dmul.o

    ----------------------------------------------------------------------
      3792        108          0          0          0       1944   Library Totals
         2          0          0          0          0          0   (incl. Padding)

    ----------------------------------------------------------------------

      Code (inc. data)   RO Data    RW Data    ZI Data      Debug   Library Name

      2724        108          0          0          0       1288   mc_w.l
      1066          0          0          0          0        656   mf_w.l

    ----------------------------------------------------------------------
      3792        108          0          0          0       1944   Library Totals

    ----------------------------------------------------------------------

==============================================================================


      Code (inc. data)   RO Data    RW Data    ZI Data      Debug   

     15556       1498        544        152       1360     905417   Grand Totals
     15556       1498        544        152       1360     905417   ELF Image Totals
     15556       1498        544        152          0          0   ROM Totals

==============================================================================

    Total RO  Size (Code + RO Data)                16100 (  15.72kB)
    Total RW  Size (RW Data + ZI Data)              1512 (   1.48kB)
    Total ROM Size (Code + RO Data + RW Data)      16252 (  15.87kB)

==============================================================================

